Archive member included to satisfy reference by file (symbol)

C:/devkitPro/libnx/lib\libnx.a(applet.o)
                              main.o (appletMainLoop)
C:/devkitPro/libnx/lib\libnx.a(sm.o)
                              C:/devkitPro/libnx/lib\libnx.a(applet.o) (smGetServiceWrapper)
C:/devkitPro/libnx/lib\libnx.a(diag.o)
                              C:/devkitPro/libnx/lib\libnx.a(applet.o) (diagAbortWithResult)
C:/devkitPro/libnx/lib\libnx.a(env.o)
                              C:/devkitPro/libnx/lib\libnx.a(applet.o) (envIsNso)
C:/devkitPro/libnx/lib\libnx.a(hosversion.o)
                              C:/devkitPro/libnx/lib\libnx.a(applet.o) (hosversionGet)
C:/devkitPro/libnx/lib\libnx.a(pad.o)
                              main.o (padConfigureInput)
C:/devkitPro/libnx/lib\libnx.a(console.o)
                              main.o (consoleInit)
C:/devkitPro/libnx/lib\libnx.a(console_sw.o)
                              C:/devkitPro/libnx/lib\libnx.a(console.o) (getDefaultConsoleRenderer)
C:/devkitPro/libnx/lib\libnx.a(svc.o)
                              C:/devkitPro/libnx/lib\libnx.a(applet.o) (svcExitProcess)
C:/devkitPro/libnx/lib\libnx.a(switch_crt0.o)
                              (_start)
C:/devkitPro/libnx/lib\libnx.a(default_font.bin.o)
                              C:/devkitPro/libnx/lib\libnx.a(console.o) (default_font_bin)
C:/devkitPro/libnx/lib\libnx.a(event.o)
                              C:/devkitPro/libnx/lib\libnx.a(applet.o) (eventLoadRemote)
C:/devkitPro/libnx/lib\libnx.a(mutex.o)
                              C:/devkitPro/libnx/lib\libnx.a(applet.o) (mutexLock)
C:/devkitPro/libnx/lib\libnx.a(tmem.o)
                              C:/devkitPro/libnx/lib\libnx.a(applet.o) (tmemCreate)
C:/devkitPro/libnx/lib\libnx.a(virtmem.o)
                              C:/devkitPro/libnx/lib\libnx.a(tmem.o) (virtmemLock)
C:/devkitPro/libnx/lib\libnx.a(wait.o)
                              C:/devkitPro/libnx/lib\libnx.a(applet.o) (waitObjects)
C:/devkitPro/libnx/lib\libnx.a(apm.o)
                              C:/devkitPro/libnx/lib\libnx.a(applet.o) (apmInitialize)
C:/devkitPro/libnx/lib\libnx.a(hid.o)
                              C:/devkitPro/libnx/lib\libnx.a(pad.o) (hidGetNpadStyleSet)
C:/devkitPro/libnx/lib\libnx.a(default_window.o)
                              C:/devkitPro/libnx/lib\libnx.a(console_sw.o) (nwindowGetDefault)
C:/devkitPro/libnx/lib\libnx.a(framebuffer.o)
                              C:/devkitPro/libnx/lib\libnx.a(console_sw.o) (framebufferMakeLinear)
C:/devkitPro/libnx/lib\libnx.a(native_window.o)
                              C:/devkitPro/libnx/lib\libnx.a(framebuffer.o) (nwindowIsValid)
C:/devkitPro/libnx/lib\libnx.a(alloc.o)
                              C:/devkitPro/libnx/lib\libnx.a(virtmem.o) (__libnx_alloc)
C:/devkitPro/libnx/lib\libnx.a(argv.o)
                              C:/devkitPro/libnx/lib\libnx.a(switch_crt0.o) (__system_argc)
C:/devkitPro/libnx/lib\libnx.a(dynamic.o)
                              C:/devkitPro/libnx/lib\libnx.a(switch_crt0.o) (__nx_dynamic)
C:/devkitPro/libnx/lib\libnx.a(init.o)
                              C:/devkitPro/libnx/lib\libnx.a(switch_crt0.o) (__libnx_init)
C:/devkitPro/libnx/lib\libnx.a(newlib.o)
                              C:/devkitPro/libnx/lib\libnx.a(init.o) (__libnx_init_time)
C:/devkitPro/libnx/lib\libnx.a(nxlink.o)
                              C:/devkitPro/libnx/lib\libnx.a(argv.o) (nxlinkSetup)
C:/devkitPro/libnx/lib\libnx.a(fs_dev.o)
                              C:/devkitPro/libnx/lib\libnx.a(init.o) (fsdevMountSdmc)
C:/devkitPro/libnx/lib\libnx.a(path_buf.o)
                              C:/devkitPro/libnx/lib\libnx.a(fs_dev.o) (__nx_dev_path_buf)
C:/devkitPro/libnx/lib\libnx.a(decode_utf8.o)
                              C:/devkitPro/libnx/lib\libnx.a(fs_dev.o) (decode_utf8)
C:/devkitPro/libnx/lib\libnx.a(cache.o)
                              C:/devkitPro/libnx/lib\libnx.a(framebuffer.o) (armDCacheFlush)
C:/devkitPro/libnx/lib\libnx.a(exception.o)
                              C:/devkitPro/libnx/lib\libnx.a(switch_crt0.o) (__libnx_exception_entry)
C:/devkitPro/libnx/lib\libnx.a(readtp.o)
                              C:/devkitPro/libnx/lib\libnx.a(fs_dev.o) (__aarch64_read_tp)
C:/devkitPro/libnx/lib\libnx.a(condvar.o)
                              C:/devkitPro/libnx/lib\libnx.a(newlib.o) (condvarWaitTimeout)
C:/devkitPro/libnx/lib\libnx.a(random.o)
                              C:/devkitPro/libnx/lib\libnx.a(virtmem.o) (randomGet64)
C:/devkitPro/libnx/lib\libnx.a(shmem.o)
                              C:/devkitPro/libnx/lib\libnx.a(hid.o) (shmemLoadRemote)
C:/devkitPro/libnx/lib\libnx.a(thread.o)
                              C:/devkitPro/libnx/lib\libnx.a(init.o) (__libnx_init_thread)
C:/devkitPro/libnx/lib\libnx.a(fs.o)
                              C:/devkitPro/libnx/lib\libnx.a(init.o) (fsInitialize)
C:/devkitPro/libnx/lib\libnx.a(nv.o)
[...]
Memory Configuration

Name             Origin             Length             Attributes
*default*        0x0000000000000000 0xffffffffffffffff

Linker script and memory map

                0x0000000000000000                PROVIDE (__start__ = 0x0)
                0x0000000000000000                . = __start__
                [!provide]                        PROVIDE (__code_start = .)

.text           0x0000000000000000    0x2d708
 *(.crt0)
 .crt0          0x0000000000000000      0x124 C:/devkitPro/libnx/lib\libnx.a(switch_crt0.o)
                0x0000000000000000                _start
                0x00000000000000e0                __nx_exit
                0x00000000000000f0                __nx_mod0
 *(.text.unlikely .text.*_unlikely .text.unlikely.*)
 *(.text.exit .text.exit.*)
 *fill*         0x0000000000000124       0x1c 
 .text.exit     0x0000000000000140       0x34 C:/devkitPro/devkitA64/bin/../lib/gcc/aarch64-none-elf/14.2.0/../../../../aarch64-none-elf/lib/pic\libg.a(libc_a-exit.o)
                0x0000000000000140                exit
 *(.text.startup .text.startup.*)
 *fill*         0x0000000000000174        0xc 
 .text.startup.main
                0x0000000000000180      0x16c main.o
                0x0000000000000180                main
 *(.text.hot .text.hot.*)
 *(.text .stub .text.* .gnu.linkonce.t.*)
 *fill*         0x00000000000002ec       0x14 
 .text.__do_global_dtors_aux
                0x0000000000000300       0x44 C:/devkitPro/devkitA64/bin/../lib/gcc/aarch64-none-elf/14.2.0/pic/crtbegin.o
 *fill*         0x0000000000000344       0x1c 
 .text.frame_dummy
                0x0000000000000360       0x24 C:/devkitPro/devkitA64/bin/../lib/gcc/aarch64-none-elf/14.2.0/pic/crtbegin.o
 *fill*         0x0000000000000384        0xc 
 .text.donutDecider
                0x0000000000000390      0x230 main.o
                0x0000000000000390                donutDecider
 .text._appletInfiniteSleepLoop
                0x00000000000005c0       0x18 C:/devkitPro/libnx/lib\libnx.a(applet.o)
 *fill*         0x00000000000005d8        0x8 
 .text._appletCmdGetSession
                0x00000000000005e0      0x108 C:/devkitPro/libnx/lib\libnx.a(applet.o)
 *fill*         0x00000000000006e8        0x8 
 .text._appletCmdInU8NoOut
                0x00000000000006f0       0xcc C:/devkitPro/libnx/lib\libnx.a(applet.o)
 *fill*         0x00000000000007bc        0x4 
 .text._appletGetLaunchReason
                0x00000000000007c0      0x104 C:/devkitPro/libnx/lib\libnx.a(applet.o)
 *fill*         0x00000000000008c4        0xc 
 .text._appletSetFocusHandlingMode
                0x00000000000008d0       0xe4 C:/devkitPro/libnx/lib\libnx.a(applet.o)
 *fill*         0x00000000000009b4        0xc 
 .text._appletCmdInU32NoOut
                0x00000000000009c0       0xcc C:/devkitPro/libnx/lib\libnx.a(applet.o)
 *fill*         0x0000000000000a8c        0x4 
 .text._appletGetSessionProxy.constprop.0
                0x0000000000000a90      0x138 C:/devkitPro/libnx/lib\libnx.a(applet.o)
 *fill*         0x0000000000000bc8        0x8 
 .text._appletOpenLibraryAppletProxy.constprop.0
                0x0000000000000bd0      0x154 C:/devkitPro/libnx/lib\libnx.a(applet.o)
 *fill*         0x0000000000000d24        0xc 
 .text._appletCmdGetHandle.constprop.0.isra.0
                0x0000000000000d30       0xd0 C:/devkitPro/libnx/lib\libnx.a(applet.o)
 .text._appletCmdNoInOutU8.isra.0
                0x0000000000000e00       0xd4 C:/devkitPro/libnx/lib\libnx.a(applet.o)
 *fill*         0x0000000000000ed4        0xc 
 .text._appletCmdNoInOutU32.isra.0
                0x0000000000000ee0       0xd4 C:/devkitPro/libnx/lib\libnx.a(applet.o)
 *fill*         0x0000000000000fb4        0xc 
 .text._appletCmdNoInOutU64.isra.0
                0x0000000000000fc0       0xd4 C:/devkitPro/libnx/lib\libnx.a(applet.o)
 *fill*         0x0000000000001094        0xc 
 .text._appletCmdNoIO.isra.0
                0x00000000000010a0       0xc0 C:/devkitPro/libnx/lib\libnx.a(applet.o)
 .text.appletGetAppletType
                0x0000000000001160       0x10 C:/devkitPro/libnx/lib\libnx.a(applet.o)
                0x0000000000001160                appletGetAppletType
 .text.appletSetFocusHandlingMode
                0x0000000000001170      0x108 C:/devkitPro/libnx/lib\libnx.a(applet.o)
                0x0000000000001170                appletSetFocusHandlingMode
 *fill*         0x0000000000001278        0x8 
 .text.appletSetCpuBoostMode
                0x0000000000001280       0x5c C:/devkitPro/libnx/lib\libnx.a(applet.o)
                0x0000000000001280                appletSetCpuBoostMode
 *fill*         0x00000000000012dc        0x4 
 .text.appletCreateManagedDisplayLayer
                0x00000000000012e0       0x2c C:/devkitPro/libnx/lib\libnx.a(applet.o)
                0x00000000000012e0                appletCreateManagedDisplayLayer
 *fill*         0x000000000000130c        0x4 
 .text.appletGetAppletResourceUserId
                0x0000000000001310        0xc C:/devkitPro/libnx/lib\libnx.a(applet.o)
                0x0000000000001310                appletGetAppletResourceUserId
 *fill*         0x000000000000131c        0x4 
 .text._appletGetIndirectLayerConsumerHandle
                0x0000000000001320       0xf4 C:/devkitPro/libnx/lib\libnx.a(applet.o)
 *fill*         0x0000000000001414        0xc 
 .text._appletHolderCreateState
                0x0000000000001420       0x88 C:/devkitPro/libnx/lib\libnx.a(applet.o)
 *fill*         0x00000000000014a8        0x8 
 .text.appletHolderClose
                0x00000000000014b0       0xb0 C:/devkitPro/libnx/lib\libnx.a(applet.o)
                0x00000000000014b0                appletHolderClose
 .text.appletHolderGetLibraryAppletInfo
                0x0000000000001560       0x24 C:/devkitPro/libnx/lib\libnx.a(applet.o)
                0x0000000000001560                appletHolderGetLibraryAppletInfo
 *fill*         0x0000000000001584        0xc 
 .text.appletNotifyRunning
                0x0000000000001590       0x90 C:/devkitPro/libnx/lib\libnx.a(applet.o)
                0x0000000000001590                appletNotifyRunning
 .text.appletSetGamePlayRecordingState
                0x0000000000001620       0x8c C:/devkitPro/libnx/lib\libnx.a(applet.o)
                0x0000000000001620                appletSetGamePlayRecordingState
 *fill*         0x00000000000016ac        0x4 
 .text._appletCleanup
                0x00000000000016b0      0xad4 C:/devkitPro/libnx/lib\libnx.a(applet.o)
 *fill*         0x0000000000002184        0xc 
 .text.appletExit
                0x0000000000002190       0x44 C:/devkitPro/libnx/lib\libnx.a(applet.o)
                0x0000000000002190                appletExit
 *fill*         0x00000000000021d4        0xc 
 .text.appletGetLibraryAppletInfo
                0x00000000000021e0       0x40 C:/devkitPro/libnx/lib\libnx.a(applet.o)
                0x00000000000021e0                appletGetLibraryAppletInfo
 .text.appletInitialize
                0x0000000000002220      0xa98 C:/devkitPro/libnx/lib\libnx.a(applet.o)
                0x0000000000002220                appletInitialize
 *fill*         0x0000000000002cb8        0x8 
 .text._appletExitProcess
                0x0000000000002cc0       0x24 C:/devkitPro/libnx/lib\libnx.a(applet.o)
 *fill*         0x0000000000002ce4        0xc 
 .text.appletGetMessage
                0x0000000000002cf0       0x74 C:/devkitPro/libnx/lib\libnx.a(applet.o)
                0x0000000000002cf0                appletGetMessage
 *fill*         0x0000000000002d64        0xc 
 .text.appletProcessMessage
                0x0000000000002d70      0x27c C:/devkitPro/libnx/lib\libnx.a(applet.o)
                0x0000000000002d70                appletProcessMessage
 *fill*         0x0000000000002fec        0x4 
 .text.appletMainLoop
                0x0000000000002ff0       0x34 C:/devkitPro/libnx/lib\libnx.a(applet.o)
                0x0000000000002ff0                appletMainLoop
 *fill*         0x0000000000003024        0xc 
 .text._smCmifCmdInPid
                0x0000000000003030       0xd0 C:/devkitPro/libnx/lib\libnx.a(sm.o)
 .text._smCleanup
                0x0000000000003100       0x68 C:/devkitPro/libnx/lib\libnx.a(sm.o)
 *fill*         0x0000000000003168        0x8 
 .text.smAddOverrideHandle
                0x0000000000003170       0x48 C:/devkitPro/libnx/lib\libnx.a(sm.o)
                0x0000000000003170                smAddOverrideHandle
 *fill*         0x00000000000031b8        0x8 
 .text.smGetServiceOverride
                0x00000000000031c0       0x54 C:/devkitPro/libnx/lib\libnx.a(sm.o)
                0x00000000000031c0                smGetServiceOverride
 *fill*         0x0000000000003214        0xc 
 .text.smInitialize
                0x0000000000003220      0x1bc C:/devkitPro/libnx/lib\libnx.a(sm.o)
                0x0000000000003220                smInitialize
 *fill*         0x00000000000033dc        0x4 
 .text.smExit   0x00000000000033e0       0x44 C:/devkitPro/libnx/lib\libnx.a(sm.o)
                0x00000000000033e0                smExit
 *fill*         0x0000000000003424        0xc 
 .text.smGetServiceOriginal
                0x0000000000003430       0xd0 C:/devkitPro/libnx/lib\libnx.a(sm.o)
                0x0000000000003430                smGetServiceOriginal
 .text.smGetServiceWrapper
                0x0000000000003500      0x120 C:/devkitPro/libnx/lib\libnx.a(sm.o)
                0x0000000000003500                smGetServiceWrapper
 .text.diagAbortWithResult
                0x0000000000003620       0x1c C:/devkitPro/libnx/lib\libnx.a(diag.o)
                0x0000000000003620                diagAbortWithResult
 *fill*         0x000000000000363c        0x4 
 .text.envSetup
                0x0000000000003640      0x208 C:/devkitPro/libnx/lib\libnx.a(env.o)
                0x0000000000003640                envSetup
 *fill*         0x0000000000003848        0x8 
 .text.envGetMainThreadHandle
                0x0000000000003850       0x20 C:/devkitPro/libnx/lib\libnx.a(env.o)
                0x0000000000003850                envGetMainThreadHandle
 .text.envIsNso
                0x0000000000003870        0xc C:/devkitPro/libnx/lib\libnx.a(env.o)
                0x0000000000003870                envIsNso
 *fill*         0x000000000000387c        0x4 
 .text.envHasHeapOverride
                0x0000000000003880       0x14 C:/devkitPro/libnx/lib\libnx.a(env.o)
                0x0000000000003880                envHasHeapOverride
 *fill*         0x0000000000003894        0xc 
 .text.envGetHeapOverrideAddr
                0x00000000000038a0        0xc C:/devkitPro/libnx/lib\libnx.a(env.o)
                0x00000000000038a0                envGetHeapOverrideAddr
 *fill*         0x00000000000038ac        0x4 
 .text.envGetHeapOverrideSize
                0x00000000000038b0        0xc C:/devkitPro/libnx/lib\libnx.a(env.o)
                0x00000000000038b0                envGetHeapOverrideSize
 *fill*         0x00000000000038bc        0x4 
 .text.envHasArgv
                0x00000000000038c0       0x14 C:/devkitPro/libnx/lib\libnx.a(env.o)
                0x00000000000038c0                envHasArgv
 *fill*         0x00000000000038d4        0xc 
 .text.envGetArgv
                0x00000000000038e0        0xc C:/devkitPro/libnx/lib\libnx.a(env.o)
                0x00000000000038e0                envGetArgv
 *fill*         0x00000000000038ec        0x4 
 .text.envGetExitFuncPtr
                0x00000000000038f0        0xc C:/devkitPro/libnx/lib\libnx.a(env.o)
                0x00000000000038f0                envGetExitFuncPtr
 *fill*         0x00000000000038fc        0x4 
 .text.envSetExitFuncPtr
                0x0000000000003900        0xc C:/devkitPro/libnx/lib\libnx.a(env.o)
                0x0000000000003900                envSetExitFuncPtr
 *fill*         0x000000000000390c        0x4 
 .text.envHasRandomSeed
                0x0000000000003910        0xc C:/devkitPro/libnx/lib\libnx.a(env.o)
                0x0000000000003910                envHasRandomSeed
 *fill*         0x000000000000391c        0x4 
 .text.envGetRandomSeed
                0x0000000000003920       0x10 C:/devkitPro/libnx/lib\libnx.a(env.o)
                0x0000000000003920                envGetRandomSeed
 .text.hosversionGet
                0x0000000000003930       0x14 C:/devkitPro/libnx/lib\libnx.a(hosversion.o)
                0x0000000000003930                hosversionGet
 *fill*         0x0000000000003944        0xc 
 .text.hosversionSet
                0x0000000000003950       0x10 C:/devkitPro/libnx/lib\libnx.a(hosversion.o)
                0x0000000000003950                hosversionSet
 .text.padConfigureInput
                0x0000000000003960       0x9c C:/devkitPro/libnx/lib\libnx.a(pad.o)
                0x0000000000003960                padConfigureInput
 *fill*         0x00000000000039fc        0x4 
 .text.padInitializeWithMask
                0x0000000000003a00       0x24 C:/devkitPro/libnx/lib\libnx.a(pad.o)
                0x0000000000003a00                padInitializeWithMask
 *fill*         0x0000000000003a24        0xc 
 .text.padUpdate
                0x0000000000003a30      0x2a8 C:/devkitPro/libnx/lib\libnx.a(pad.o)
                0x0000000000003a30                padUpdate
 *fill*         0x0000000000003cd8        0x8 
 .text.consoleDrawChar
                0x0000000000003ce0       0x48 C:/devkitPro/libnx/lib\libnx.a(console.o)
 *fill*         0x0000000000003d28        0x8 
 .text.parseColor
                0x0000000000003d30      0x20c C:/devkitPro/libnx/lib\libnx.a(console.o)
 *fill*         0x0000000000003f3c        0x4 
 .text.consoleNewRow
                0x0000000000003f40       0xb0 C:/devkitPro/libnx/lib\libnx.a(console.o)
 .text.con_write
                0x0000000000003ff0      0xc44 C:/devkitPro/libnx/lib\libnx.a(console.o)
 *fill*         0x0000000000004c34        0xc 
 .text.consoleInit
                0x0000000000004c40      0x154 C:/devkitPro/libnx/lib\libnx.a(console.o)
                0x0000000000004c40                consoleInit
 *fill*         0x0000000000004d94        0xc 
 .text.consoleExit
                0x0000000000004da0       0x48 C:/devkitPro/libnx/lib\libnx.a(console.o)
                0x0000000000004da0                consoleExit
 *fill*         0x0000000000004de8        0x8 
 .text.consoleUpdate
                0x0000000000004df0       0x2c C:/devkitPro/libnx/lib\libnx.a(console.o)
                0x0000000000004df0                consoleUpdate
 *fill*         0x0000000000004e1c        0x4 
 .text.ConsoleSwRenderer_drawChar
                0x0000000000004e20      0x1c8 C:/devkitPro/libnx/lib\libnx.a(console_sw.o)
 *fill*         0x0000000000004fe8        0x8 
 .text.ConsoleSwRenderer_init
                0x0000000000004ff0       0xfc C:/devkitPro/libnx/lib\libnx.a(console_sw.o)
 *fill*         0x00000000000050ec        0x4 
 .text.ConsoleSwRenderer_flushAndSwap
                0x00000000000050f0       0x70 C:/devkitPro/libnx/lib\libnx.a(console_sw.o)
 .text.ConsoleSwRenderer_scrollWindow
                0x0000000000005160       0xd4 C:/devkitPro/libnx/lib\libnx.a(console_sw.o)
 *fill*         0x0000000000005234        0xc 
 .text.ConsoleSwRenderer_deinit
                0x0000000000005240       0x4c C:/devkitPro/libnx/lib\libnx.a(console_sw.o)
 *fill*         0x000000000000528c        0x4 
 .text.getDefaultConsoleRenderer
                0x0000000000005290        0xc C:/devkitPro/libnx/lib\libnx.a(console_sw.o)
                0x0000000000005290                getDefaultConsoleRenderer
 .text.svcSetHeapSize
                0x000000000000529c       0x14 C:/devkitPro/libnx/lib\libnx.a(svc.o)
                0x000000000000529c                svcSetHeapSize
 .text.svcSetMemoryPermission
                0x00000000000052b0        0x8 C:/devkitPro/libnx/lib\libnx.a(svc.o)
                0x00000000000052b0                svcSetMemoryPermission
 .text.svcSetMemoryAttribute
                0x00000000000052b8        0x8 C:/devkitPro/libnx/lib\libnx.a(svc.o)
                0x00000000000052b8                svcSetMemoryAttribute
 .text.svcUnmapMemory
                0x00000000000052c0        0x8 C:/devkitPro/libnx/lib\libnx.a(svc.o)
                0x00000000000052c0                svcUnmapMemory
 .text.svcQueryMemory
                0x00000000000052c8       0x14 C:/devkitPro/libnx/lib\libnx.a(svc.o)
                0x00000000000052c8                svcQueryMemory
 .text.svcExitProcess
                0x00000000000052dc        0x8 C:/devkitPro/libnx/lib\libnx.a(svc.o)
                0x00000000000052dc                svcExitProcess
 .text.svcSleepThread
                0x00000000000052e4        0x8 C:/devkitPro/libnx/lib\libnx.a(svc.o)
                0x00000000000052e4                svcSleepThread
 .text.svcMapSharedMemory
                0x00000000000052ec        0x8 C:/devkitPro/libnx/lib\libnx.a(svc.o)
                0x00000000000052ec                svcMapSharedMemory
 .text.svcUnmapSharedMemory
                0x00000000000052f4        0x8 C:/devkitPro/libnx/lib\libnx.a(svc.o)
                0x00000000000052f4                svcUnmapSharedMemory
 .text.svcCreateTransferMemory
                0x00000000000052fc       0x14 C:/devkitPro/libnx/lib\libnx.a(svc.o)
                0x00000000000052fc                svcCreateTransferMemory
 .text.svcCloseHandle
                0x0000000000005310        0x8 C:/devkitPro/libnx/lib\libnx.a(svc.o)
                0x0000000000005310                svcCloseHandle
 .text.svcResetSignal
                0x0000000000005318        0x8 C:/devkitPro/libnx/lib\libnx.a(svc.o)
                0x0000000000005318                svcResetSignal
 .text.svcWaitSynchronization
                0x0000000000005320       0x14 C:/devkitPro/libnx/lib\libnx.a(svc.o)
                0x0000000000005320                svcWaitSynchronization
 .text.svcArbitrateLock
                0x0000000000005334        0x8 C:/devkitPro/libnx/lib\libnx.a(svc.o)
                0x0000000000005334                svcArbitrateLock
 .text.svcArbitrateUnlock
                0x000000000000533c        0x8 C:/devkitPro/libnx/lib\libnx.a(svc.o)
                0x000000000000533c                svcArbitrateUnlock
 .text.svcWaitProcessWideKeyAtomic
                0x0000000000005344        0x8 C:/devkitPro/libnx/lib\libnx.a(svc.o)
                0x0000000000005344                svcWaitProcessWideKeyAtomic
 .text.svcSignalProcessWideKey
                0x000000000000534c        0x8 C:/devkitPro/libnx/lib\libnx.a(svc.o)
                0x000000000000534c                svcSignalProcessWideKey
 .text.svcConnectToNamedPort
                0x0000000000005354       0x14 C:/devkitPro/libnx/lib\libnx.a(svc.o)
                0x0000000000005354                svcConnectToNamedPort
 .text.svcSendSyncRequest
                0x0000000000005368        0x8 C:/devkitPro/libnx/lib\libnx.a(svc.o)
                0x0000000000005368                svcSendSyncRequest
 .text.svcBreak
                0x0000000000005370        0x8 C:/devkitPro/libnx/lib\libnx.a(svc.o)
                0x0000000000005370                svcBreak
 .text.svcReturnFromException
                0x0000000000005378        0x8 C:/devkitPro/libnx/lib\libnx.a(svc.o)
                0x0000000000005378                svcReturnFromException
 .text.svcGetInfo
                0x0000000000005380       0x14 C:/devkitPro/libnx/lib\libnx.a(svc.o)
                0x0000000000005380                svcGetInfo
 .text.svcUnmapTransferMemory
                0x0000000000005394        0x8 C:/devkitPro/libnx/lib\libnx.a(svc.o)
                0x0000000000005394                svcUnmapTransferMemory
 *fill*         0x000000000000539c        0x4 
 .text.eventLoadRemote
                0x00000000000053a0        0xc C:/devkitPro/libnx/lib\libnx.a(event.o)
                0x00000000000053a0                eventLoadRemote
 *fill*         0x00000000000053ac        0x4 
 .text.eventWait
                0x00000000000053b0       0x38 C:/devkitPro/libnx/lib\libnx.a(event.o)
                0x00000000000053b0                eventWait
 *fill*         0x00000000000053e8        0x8 
 .text.eventClose
                0x00000000000053f0       0x50 C:/devkitPro/libnx/lib\libnx.a(event.o)
                0x00000000000053f0                eventClose
 .text.mutexLock
                0x0000000000005440       0x80 C:/devkitPro/libnx/lib\libnx.a(mutex.o)
                0x0000000000005440                mutexLock
 .text.mutexUnlock
                0x00000000000054c0       0x68 C:/devkitPro/libnx/lib\libnx.a(mutex.o)
                0x00000000000054c0                mutexUnlock
 *fill*         0x0000000000005528        0x8 
 .text.mutexIsLockedByCurrentThread
                0x0000000000005530       0x1c C:/devkitPro/libnx/lib\libnx.a(mutex.o)
                0x0000000000005530                mutexIsLockedByCurrentThread
 *fill*         0x000000000000554c        0x4 
 .text.rmutexLock
                0x0000000000005550       0x4c C:/devkitPro/libnx/lib\libnx.a(mutex.o)
                0x0000000000005550                rmutexLock
 *fill*         0x000000000000559c        0x4 
 .text.rmutexUnlock
                0x00000000000055a0       0x1c C:/devkitPro/libnx/lib\libnx.a(mutex.o)
                0x00000000000055a0                rmutexUnlock
 *fill*         0x00000000000055bc        0x4 
 .text.tmemCreate
                0x00000000000055c0       0xa8 C:/devkitPro/libnx/lib\libnx.a(tmem.o)
                0x00000000000055c0                tmemCreate
 *fill*         0x0000000000005668        0x8 
 .text.tmemUnmap
                0x0000000000005670       0x34 C:/devkitPro/libnx/lib\libnx.a(tmem.o)
                0x0000000000005670                tmemUnmap
 *fill*         0x00000000000056a4        0xc 
 .text.tmemCloseHandle
                0x00000000000056b0       0x38 C:/devkitPro/libnx/lib\libnx.a(tmem.o)
                0x00000000000056b0                tmemCloseHandle
 *fill*         0x00000000000056e8        0x8 
 .text.tmemWaitForPermission
                0x00000000000056f0       0xc8 C:/devkitPro/libnx/lib\libnx.a(tmem.o)
                0x00000000000056f0                tmemWaitForPermission
 *fill*         0x00000000000057b8        0x8 
 .text.tmemClose
                0x00000000000057c0       0x54 C:/devkitPro/libnx/lib\libnx.a(tmem.o)
                0x00000000000057c0                tmemClose
 *fill*         0x0000000000005814        0xc 
 .text._memregionInitWithInfo
                0x0000000000005820       0x64 C:/devkitPro/libnx/lib\libnx.a(virtmem.o)
 *fill*         0x0000000000005884        0xc 
 .text.__libnx_virtmem_rng
                0x0000000000005890        0x4 C:/devkitPro/libnx/lib\libnx.a(virtmem.o)
                0x0000000000005890                __libnx_virtmem_rng
 *fill*         0x0000000000005894        0xc 
 .text._memregionFindRandom
                0x00000000000058a0      0x164 C:/devkitPro/libnx/lib\libnx.a(virtmem.o)
 *fill*         0x0000000000005a04        0xc 
 .text.virtmemSetup
                0x0000000000005a10      0x140 C:/devkitPro/libnx/lib\libnx.a(virtmem.o)
                0x0000000000005a10                virtmemSetup
 .text.virtmemLock
                0x0000000000005b50        0xc C:/devkitPro/libnx/lib\libnx.a(virtmem.o)
                0x0000000000005b50                virtmemLock
 *fill*         0x0000000000005b5c        0x4 
 .text.virtmemUnlock
                0x0000000000005b60        0xc C:/devkitPro/libnx/lib\libnx.a(virtmem.o)
                0x0000000000005b60                virtmemUnlock
 *fill*         0x0000000000005b6c        0x4 
 .text.virtmemFindAslr
                0x0000000000005b70       0x50 C:/devkitPro/libnx/lib\libnx.a(virtmem.o)
                0x0000000000005b70                virtmemFindAslr
 .text.waitObjects
                0x0000000000005bc0      0x56c C:/devkitPro/libnx/lib\libnx.a(wait.o)
                0x0000000000005bc0                waitObjects
 *fill*         0x000000000000612c        0x4 
 .text._apmCleanup
                0x0000000000006130       0xc0 C:/devkitPro/libnx/lib\libnx.a(apm.o)
 .text._apmCmdGetSession.constprop.0
                0x00000000000061f0       0xfc C:/devkitPro/libnx/lib\libnx.a(apm.o)
 *fill*         0x00000000000062ec        0x4 
 .text.apmInitialize
                0x00000000000062f0       0xa0 C:/devkitPro/libnx/lib\libnx.a(apm.o)
                0x00000000000062f0                apmInitialize
 .text.apmExit  0x0000000000006390       0x44 C:/devkitPro/libnx/lib\libnx.a(apm.o)
                0x0000000000006390                apmExit
 *fill*         0x00000000000063d4        0xc 
 .text.apmSetPerformanceConfiguration
                0x00000000000063e0       0xc8 C:/devkitPro/libnx/lib\libnx.a(apm.o)
                0x00000000000063e0                apmSetPerformanceConfiguration
 *fill*         0x00000000000064a8        0x8 
 .text._hidCleanup
                0x00000000000064b0      0x108 C:/devkitPro/libnx/lib\libnx.a(hid.o)
 *fill*         0x00000000000065b8        0x8 
 .text._hidCmdInAruidNoOut
                0x00000000000065c0       0xd8 C:/devkitPro/libnx/lib\libnx.a(hid.o)
 *fill*         0x0000000000006698        0x8 
 .text._hidCmdInU32AruidNoOut
                0x00000000000066a0       0xe4 C:/devkitPro/libnx/lib\libnx.a(hid.o)
 *fill*         0x0000000000006784        0xc 
 .text._hidGetStates
                0x0000000000006790      0x1a4 C:/devkitPro/libnx/lib\libnx.a(hid.o)
 *fill*         0x0000000000006934        0xc 
 .text._hidCreateAppletResource.constprop.0
                0x0000000000006940      0x114 C:/devkitPro/libnx/lib\libnx.a(hid.o)
 *fill*         0x0000000000006a54        0xc 
 .text._hidCmdGetHandle.constprop.0
                0x0000000000006a60       0xc8 C:/devkitPro/libnx/lib\libnx.a(hid.o)
 *fill*         0x0000000000006b28        0x8 
 .text.hidInitialize
                0x0000000000006b30       0xdc C:/devkitPro/libnx/lib\libnx.a(hid.o)
                0x0000000000006b30                hidInitialize
 *fill*         0x0000000000006c0c        0x4 
 .text.hidExit  0x0000000000006c10       0x44 C:/devkitPro/libnx/lib\libnx.a(hid.o)
                0x0000000000006c10                hidExit
 *fill*         0x0000000000006c54        0xc 
 .text.hidGetSharedmemAddr
                0x0000000000006c60        0xc C:/devkitPro/libnx/lib\libnx.a(hid.o)
                0x0000000000006c60                hidGetSharedmemAddr
 *fill*         0x0000000000006c6c        0x4 
 .text.hidGetNpadStyleSet
                0x0000000000006c70       0x90 C:/devkitPro/libnx/lib\libnx.a(hid.o)
                0x0000000000006c70                hidGetNpadStyleSet
 .text.hidInitializeNpad
                0x0000000000006d00       0x80 C:/devkitPro/libnx/lib\libnx.a(hid.o)
                0x0000000000006d00                hidInitializeNpad
 .text.hidGetNpadStatesFullKey
                0x0000000000006d80       0xa8 C:/devkitPro/libnx/lib\libnx.a(hid.o)
                0x0000000000006d80                hidGetNpadStatesFullKey
 *fill*         0x0000000000006e28        0x8 
 .text.hidGetNpadStatesHandheld
                0x0000000000006e30       0xa8 C:/devkitPro/libnx/lib\libnx.a(hid.o)
                0x0000000000006e30                hidGetNpadStatesHandheld
 *fill*         0x0000000000006ed8        0x8 
 .text.hidGetNpadStatesJoyDual
                0x0000000000006ee0       0xa8 C:/devkitPro/libnx/lib\libnx.a(hid.o)
                0x0000000000006ee0                hidGetNpadStatesJoyDual
 *fill*         0x0000000000006f88        0x8 
 .text.hidGetNpadStatesJoyLeft
                0x0000000000006f90       0xa8 C:/devkitPro/libnx/lib\libnx.a(hid.o)
                0x0000000000006f90                hidGetNpadStatesJoyLeft
 *fill*         0x0000000000007038        0x8 
 .text.hidGetNpadStatesJoyRight
                0x0000000000007040       0xa8 C:/devkitPro/libnx/lib\libnx.a(hid.o)
                0x0000000000007040                hidGetNpadStatesJoyRight
 *fill*         0x00000000000070e8        0x8 
 .text.hidGetNpadStatesGc
                0x00000000000070f0      0x158 C:/devkitPro/libnx/lib\libnx.a(hid.o)
                0x00000000000070f0                hidGetNpadStatesGc
 *fill*         0x0000000000007248        0x8 
 .text.hidGetNpadStatesSystemExt
                0x0000000000007250       0xac C:/devkitPro/libnx/lib\libnx.a(hid.o)
                0x0000000000007250                hidGetNpadStatesSystemExt
 *fill*         0x00000000000072fc        0x4 
 .text.hidSetSupportedNpadStyleSet
                0x0000000000007300        0x8 C:/devkitPro/libnx/lib\libnx.a(hid.o)
                0x0000000000007300                hidSetSupportedNpadStyleSet
 *fill*         0x0000000000007308        0x8 
 .text.hidSetSupportedNpadIdType
                0x0000000000007310      0x100 C:/devkitPro/libnx/lib\libnx.a(hid.o)
                0x0000000000007310                hidSetSupportedNpadIdType
 .text.nwindowGetDefault
                0x0000000000007410        0xc C:/devkitPro/libnx/lib\libnx.a(default_window.o)
                0x0000000000007410                nwindowGetDefault
 *fill*         0x000000000000741c        0x4 
 .text.__nx_win_init
                0x0000000000007420       0xb0 C:/devkitPro/libnx/lib\libnx.a(default_window.o)
                0x0000000000007420                __nx_win_init
 .text.__nx_win_exit
                0x00000000000074d0       0x34 C:/devkitPro/libnx/lib\libnx.a(default_window.o)
                0x00000000000074d0                __nx_win_exit
 *fill*         0x0000000000007504        0xc 
 .text.framebufferMakeLinear
                0x0000000000007510       0x8c C:/devkitPro/libnx/lib\libnx.a(framebuffer.o)
                0x0000000000007510                framebufferMakeLinear
 *fill*         0x000000000000759c        0x4 
 .text.framebufferClose
                0x00000000000075a0       0x80 C:/devkitPro/libnx/lib\libnx.a(framebuffer.o)
                0x00000000000075a0                framebufferClose
 .text.framebufferCreate
                0x0000000000007620      0x2b4 C:/devkitPro/libnx/lib\libnx.a(framebuffer.o)
                0x0000000000007620                framebufferCreate
 *fill*         0x00000000000078d4        0xc 
 .text.framebufferBegin
                0x00000000000078e0       0x88 C:/devkitPro/libnx/lib\libnx.a(framebuffer.o)
                0x00000000000078e0                framebufferBegin
 *fill*         0x0000000000007968        0x8 
 .text.framebufferEnd
                0x0000000000007970      0x18c C:/devkitPro/libnx/lib\libnx.a(framebuffer.o)
                0x0000000000007970                framebufferEnd
 *fill*         0x0000000000007afc        0x4 
 .text.nwindowIsValid
                0x0000000000007b00       0x24 C:/devkitPro/libnx/lib\libnx.a(native_window.o)
                0x0000000000007b00                nwindowIsValid
 *fill*         0x0000000000007b24        0xc 
 .text.nwindowClose
                0x0000000000007b30       0x7c C:/devkitPro/libnx/lib\libnx.a(native_window.o)
                0x0000000000007b30                nwindowClose
 *fill*         0x0000000000007bac        0x4 
 .text.nwindowCreate
                0x0000000000007bb0       0xf4 C:/devkitPro/libnx/lib\libnx.a(native_window.o)
                0x0000000000007bb0                nwindowCreate
 *fill*         0x0000000000007ca4        0xc 
 .text.nwindowCreateFromLayer
                0x0000000000007cb0       0x34 C:/devkitPro/libnx/lib\libnx.a(native_window.o)
                0x0000000000007cb0                nwindowCreateFromLayer
 *fill*         0x0000000000007ce4        0xc 
 .text.nwindowSetDimensions
                0x0000000000007cf0       0x84 C:/devkitPro/libnx/lib\libnx.a(native_window.o)
                0x0000000000007cf0                nwindowSetDimensions
 *fill*         0x0000000000007d74        0xc 
 .text.nwindowConfigureBuffer
                0x0000000000007d80      0x18c C:/devkitPro/libnx/lib\libnx.a(native_window.o)
                0x0000000000007d80                nwindowConfigureBuffer
 *fill*         0x0000000000007f0c        0x4 
 .text.nwindowDequeueBuffer
                0x0000000000007f10      0x1e0 C:/devkitPro/libnx/lib\libnx.a(native_window.o)
                0x0000000000007f10                nwindowDequeueBuffer
 .text.nwindowQueueBuffer
                0x00000000000080f0      0x13c C:/devkitPro/libnx/lib\libnx.a(native_window.o)
                0x00000000000080f0                nwindowQueueBuffer
 *fill*         0x000000000000822c        0x4 
 .text.nwindowReleaseBuffers
                0x0000000000008230       0xbc C:/devkitPro/libnx/lib\libnx.a(native_window.o)
                0x0000000000008230                nwindowReleaseBuffers
 *fill*         0x00000000000082ec        0x4 
 .text.__libnx_alloc
                0x00000000000082f0        0x4 C:/devkitPro/libnx/lib\libnx.a(alloc.o)
                0x00000000000082f0                __libnx_alloc
 *fill*         0x00000000000082f4        0xc 
 .text.__libnx_aligned_alloc
                0x0000000000008300       0x14 C:/devkitPro/libnx/lib\libnx.a(alloc.o)
                0x0000000000008300                __libnx_aligned_alloc
 *fill*         0x0000000000008314        0xc 
 .text.__libnx_free
                0x0000000000008320        0x4 C:/devkitPro/libnx/lib\libnx.a(alloc.o)
                0x0000000000008320                __libnx_free
 *fill*         0x0000000000008324        0xc 
 .text.argvSetup
                0x0000000000008330      0x340 C:/devkitPro/libnx/lib\libnx.a(argv.o)
                0x0000000000008330                argvSetup
 .text.__nx_dynamic
                0x0000000000008670      0x208 C:/devkitPro/libnx/lib\libnx.a(dynamic.o)
                0x0000000000008670                __nx_dynamic
 *fill*         0x0000000000008878        0x8 
 .text.__libnx_initheap
                0x0000000000008880       0xd4 C:/devkitPro/libnx/lib\libnx.a(init.o)
                0x0000000000008880                __libnx_initheap
 *fill*         0x0000000000008954        0xc 
 .text.__appInit
                0x0000000000008960       0xec C:/devkitPro/libnx/lib\libnx.a(init.o)
                0x0000000000008960                __appInit
 *fill*         0x0000000000008a4c        0x4 
 .text.__appExit
                0x0000000000008a50       0x44 C:/devkitPro/libnx/lib\libnx.a(init.o)
                0x0000000000008a50                __appExit
 *fill*         0x0000000000008a94        0xc 
 .text.__libnx_init
                0x0000000000008aa0       0x2c C:/devkitPro/libnx/lib\libnx.a(init.o)
                0x0000000000008aa0                __libnx_init
 *fill*         0x0000000000008acc        0x4 
 .text.__libnx_exit
                0x0000000000008ad0       0x1c C:/devkitPro/libnx/lib\libnx.a(init.o)
                0x0000000000008ad0                __libnx_exit
 *fill*         0x0000000000008aec        0x4 
 .text.__syscall_exit
                0x0000000000008af0       0x1c C:/devkitPro/libnx/lib\libnx.a(newlib.o)
                0x0000000000008af0                __syscall_exit
 *fill*         0x0000000000008b0c        0x4 
 .text.__syscall_getreent
                0x0000000000008b10       0x30 C:/devkitPro/libnx/lib\libnx.a(newlib.o)
                0x0000000000008b10                __syscall_getreent
 .text.__syscall_lock_acquire
                0x0000000000008b40        0x4 C:/devkitPro/libnx/lib\libnx.a(newlib.o)
                0x0000000000008b40                __syscall_lock_acquire
 *fill*         0x0000000000008b44        0xc 
 .text.__syscall_lock_release
                0x0000000000008b50        0x4 C:/devkitPro/libnx/lib\libnx.a(newlib.o)
                0x0000000000008b50                __syscall_lock_release
 *fill*         0x0000000000008b54        0xc 
 .text.__syscall_lock_acquire_recursive
                0x0000000000008b60        0x4 C:/devkitPro/libnx/lib\libnx.a(newlib.o)
                0x0000000000008b60                __syscall_lock_acquire_recursive
 *fill*         0x0000000000008b64        0xc 
 .text.__syscall_lock_release_recursive
                0x0000000000008b70        0x4 C:/devkitPro/libnx/lib\libnx.a(newlib.o)
                0x0000000000008b70                __syscall_lock_release_recursive
 *fill*         0x0000000000008b74        0xc 
 .text.__libnx_init_time
                0x0000000000008b80      0x238 C:/devkitPro/libnx/lib\libnx.a(newlib.o)
                0x0000000000008b80                __libnx_init_time
 *fill*         0x0000000000008db8        0x8 
 .text.newlibSetup
                0x0000000000008dc0       0x9c C:/devkitPro/libnx/lib\libnx.a(newlib.o)
                0x0000000000008dc0                newlibSetup
 *fill*         0x0000000000008e5c        0x4 
 .text.nxlinkSetup
                0x0000000000008e60       0xc4 C:/devkitPro/libnx/lib\libnx.a(nxlink.o)
                0x0000000000008e60                nxlinkSetup
 *fill*         0x0000000000008f24        0xc 
 .text.fsdev_link
                0x0000000000008f30       0x14 C:/devkitPro/libnx/lib\libnx.a(fs_dev.o)
 *fill*         0x0000000000008f44        0xc 
 .text.fsdev_dirreset
                0x0000000000008f50       0x14 C:/devkitPro/libnx/lib\libnx.a(fs_dev.o)
 *fill*         0x0000000000008f64        0xc 
 .text.fsdev_chmod
                0x0000000000008f70       0x14 C:/devkitPro/libnx/lib\libnx.a(fs_dev.o)
 *fill*         0x0000000000008f84        0xc 
 .text.error_cmp
                0x0000000000008f90       0x18 C:/devkitPro/libnx/lib\libnx.a(fs_dev.o)
 *fill*         0x0000000000008fa8        0x8 
 .text.fsdev_dirclose
                0x0000000000008fb0       0x20 C:/devkitPro/libnx/lib\libnx.a(fs_dev.o)
 .text.fsdev_close
                0x0000000000008fd0       0x1c C:/devkitPro/libnx/lib\libnx.a(fs_dev.o)
 *fill*         0x0000000000008fec        0x4 
 .text.fsdev_converttimetoutc
                0x0000000000008ff0       0x7c C:/devkitPro/libnx/lib\libnx.a(fs_dev.o)
 *fill*         0x000000000000906c        0x4 
 .text.fsdevFindDevice.part.0
                0x0000000000009070       0xdc C:/devkitPro/libnx/lib\libnx.a(fs_dev.o)
 *fill*         0x000000000000914c        0x4 
 .text.fsdev_fixpath
                0x0000000000009150      0x1d4 C:/devkitPro/libnx/lib\libnx.a(fs_dev.o)
 *fill*         0x0000000000009324        0xc 
 .text._fsdevUnmountDeviceStruct.part.0
                0x0000000000009330       0xa0 C:/devkitPro/libnx/lib\libnx.a(fs_dev.o)
 .text.fsdev_fchmod
                0x00000000000093d0       0x14 C:/devkitPro/libnx/lib\libnx.a(fs_dev.o)
 *fill*         0x00000000000093e4        0xc 
 .text.fsdev_diropen
                0x00000000000093f0       0xfc C:/devkitPro/libnx/lib\libnx.a(fs_dev.o)
 *fill*         0x00000000000094ec        0x4 
 .text.fsdev_statvfs
                0x00000000000094f0      0x100 C:/devkitPro/libnx/lib\libnx.a(fs_dev.o)
 .text.fsdev_fsync
                0x00000000000095f0       0x7c C:/devkitPro/libnx/lib\libnx.a(fs_dev.o)
 *fill*         0x000000000000966c        0x4 
 .text.fsdev_fstat
                0x0000000000009670       0xf4 C:/devkitPro/libnx/lib\libnx.a(fs_dev.o)
 *fill*         0x0000000000009764        0xc 
 .text.fsdev_ftruncate
                0x0000000000009770       0x94 C:/devkitPro/libnx/lib\libnx.a(fs_dev.o)
 *fill*         0x0000000000009804        0xc 
 .text.fsdev_stat
                0x0000000000009810      0x1fc C:/devkitPro/libnx/lib\libnx.a(fs_dev.o)
 *fill*         0x0000000000009a0c        0x4 
 .text.fsdev_rename
                0x0000000000009a10      0x14c C:/devkitPro/libnx/lib\libnx.a(fs_dev.o)
 *fill*         0x0000000000009b5c        0x4 
 .text.fsdev_chdir
                0x0000000000009b60      0x140 C:/devkitPro/libnx/lib\libnx.a(fs_dev.o)
 .text.fsdev_rmdir
                0x0000000000009ca0       0xa4 C:/devkitPro/libnx/lib\libnx.a(fs_dev.o)
 *fill*         0x0000000000009d44        0xc 
 .text.fsdev_mkdir
                0x0000000000009d50       0xa4 C:/devkitPro/libnx/lib\libnx.a(fs_dev.o)
 *fill*         0x0000000000009df4        0xc 
 .text.fsdev_unlink
                0x0000000000009e00       0xa4 C:/devkitPro/libnx/lib\libnx.a(fs_dev.o)
 *fill*         0x0000000000009ea4        0xc 
 .text.fsdev_write_safe
                0x0000000000009eb0      0x144 C:/devkitPro/libnx/lib\libnx.a(fs_dev.o)
 *fill*         0x0000000000009ff4        0xc 
 .text.fsdev_read_safe
                0x000000000000a000      0x13c C:/devkitPro/libnx/lib\libnx.a(fs_dev.o)
 *fill*         0x000000000000a13c        0x4 
 .text.fsdev_read
                0x000000000000a140      0x100 C:/devkitPro/libnx/lib\libnx.a(fs_dev.o)
 .text.fsdev_dirnext
                0x000000000000a240      0x1cc C:/devkitPro/libnx/lib\libnx.a(fs_dev.o)
 *fill*         0x000000000000a40c        0x4 
 .text.fsdev_write
                0x000000000000a410      0x124 C:/devkitPro/libnx/lib\libnx.a(fs_dev.o)
 *fill*         0x000000000000a534        0xc 
 .text.fsdev_seek
                0x000000000000a540       0xe0 C:/devkitPro/libnx/lib\libnx.a(fs_dev.o)
 .text.fsdev_open
                0x000000000000a620      0x250 C:/devkitPro/libnx/lib\libnx.a(fs_dev.o)
 .text.fsdevMountDevice
                0x000000000000a870      0x228 C:/devkitPro/libnx/lib\libnx.a(fs_dev.o)
                0x000000000000a870                fsdevMountDevice
 *fill*         0x000000000000aa98        0x8 
 .text.fsdevMountSdmc
                0x000000000000aaa0       0x40 C:/devkitPro/libnx/lib\libnx.a(fs_dev.o)
                0x000000000000aaa0                fsdevMountSdmc
 .text.__libnx_init_cwd
                0x000000000000aae0       0xc0 C:/devkitPro/libnx/lib\libnx.a(fs_dev.o)
                0x000000000000aae0                __libnx_init_cwd
 .text.fsdevUnmountAll
                0x000000000000aba0       0x64 C:/devkitPro/libnx/lib\libnx.a(fs_dev.o)
                0x000000000000aba0                fsdevUnmountAll
 *fill*         0x000000000000ac04        0xc 
 .text.decode_utf8
                0x000000000000ac10      0x12c C:/devkitPro/libnx/lib\libnx.a(decode_utf8.o)
                0x000000000000ac10                decode_utf8
 .text.armDCacheFlush
                0x000000000000ad3c       0x4c C:/devkitPro/libnx/lib\libnx.a(cache.o)
                0x000000000000ad3c                armDCacheFlush
 .text.__libnx_exception_entry
                0x000000000000ad88      0x1c0 C:/devkitPro/libnx/lib\libnx.a(exception.o)
                0x000000000000ad88                __libnx_exception_entry
 .text.__libnx_exception_returnentry
                0x000000000000af48       0x18 C:/devkitPro/libnx/lib\libnx.a(exception.o)
                0x000000000000af48                __libnx_exception_returnentry
 .text.__aarch64_read_tp
                0x000000000000af60        0xc C:/devkitPro/libnx/lib\libnx.a(readtp.o)
                0x000000000000af60                __aarch64_read_tp
 *fill*         0x000000000000af6c        0x4 
 .text.condvarWaitTimeout
                0x000000000000af70       0x64 C:/devkitPro/libnx/lib\libnx.a(condvar.o)
                0x000000000000af70                condvarWaitTimeout
 *fill*         0x000000000000afd4        0xc 
 .text.randomGet
                0x000000000000afe0      0x3c4 C:/devkitPro/libnx/lib\libnx.a(random.o)
                0x000000000000afe0                randomGet
 *fill*         0x000000000000b3a4        0xc 
 .text.randomGet64
                0x000000000000b3b0       0x20 C:/devkitPro/libnx/lib\libnx.a(random.o)
                0x000000000000b3b0                randomGet64
 .text.shmemLoadRemote
                0x000000000000b3d0       0x14 C:/devkitPro/libnx/lib\libnx.a(shmem.o)
                0x000000000000b3d0                shmemLoadRemote
 *fill*         0x000000000000b3e4        0xc 
 .text.shmemMap
                0x000000000000b3f0       0x88 C:/devkitPro/libnx/lib\libnx.a(shmem.o)
                0x000000000000b3f0                shmemMap
 *fill*         0x000000000000b478        0x8 
 .text.shmemUnmap
                0x000000000000b480       0x34 C:/devkitPro/libnx/lib\libnx.a(shmem.o)
                0x000000000000b480                shmemUnmap
 *fill*         0x000000000000b4b4        0xc 
 .text.shmemClose
                0x000000000000b4c0       0x44 C:/devkitPro/libnx/lib\libnx.a(shmem.o)
                0x000000000000b4c0                shmemClose
 *fill*         0x000000000000b504        0xc 
 .text.__libnx_init_thread
                0x000000000000b510       0xb0 C:/devkitPro/libnx/lib\libnx.a(thread.o)
                0x000000000000b510                __libnx_init_thread
 .text._fsCleanup
                0x000000000000b5c0       0xb4 C:/devkitPro/libnx/lib\libnx.a(fs.o)
 *fill*         0x000000000000b674        0xc 
 .text._fsCmdNoIO
                0x000000000000b680      0x1ac C:/devkitPro/libnx/lib\libnx.a(fs.o)
 *fill*         0x000000000000b82c        0x4 
 .text._fsFsCmdWithInPath
                0x000000000000b830      0x1d4 C:/devkitPro/libnx/lib\libnx.a(fs.o)
 *fill*         0x000000000000ba04        0xc 
 .text._fsFsCmdWithTwoInPaths
                0x000000000000ba10      0x1f0 C:/devkitPro/libnx/lib\libnx.a(fs.o)
 .text._fsFsOpenCommon
                0x000000000000bc00      0x26c C:/devkitPro/libnx/lib\libnx.a(fs.o)
 *fill*         0x000000000000be6c        0x4 
 .text._fsFsCmdWithInPathAndOutU64
                0x000000000000be70      0x1e8 C:/devkitPro/libnx/lib\libnx.a(fs.o)
 *fill*         0x000000000000c058        0x8 
 .text._fsObjectClose
                0x000000000000c060       0xf4 C:/devkitPro/libnx/lib\libnx.a(fs.o)
 *fill*         0x000000000000c154        0xc 
 .text._fsCmdGetSession.constprop.0
                0x000000000000c160      0x17c C:/devkitPro/libnx/lib\libnx.a(fs.o)
 *fill*         0x000000000000c2dc        0x4 
 .text.fsInitialize
                0x000000000000c2e0      0x2f8 C:/devkitPro/libnx/lib\libnx.a(fs.o)
                0x000000000000c2e0                fsInitialize
 *fill*         0x000000000000c5d8        0x8 
 .text.fsExit   0x000000000000c5e0       0x44 C:/devkitPro/libnx/lib\libnx.a(fs.o)
                0x000000000000c5e0                fsExit
 *fill*         0x000000000000c624        0xc 
 .text.fsOpenSdCardFileSystem
                0x000000000000c630        0x8 C:/devkitPro/libnx/lib\libnx.a(fs.o)
                0x000000000000c630                fsOpenSdCardFileSystem
 *fill*         0x000000000000c638        0x8 
 .text.fsFsCreateFile
                0x000000000000c640      0x1e4 C:/devkitPro/libnx/lib\libnx.a(fs.o)
                0x000000000000c640                fsFsCreateFile
 *fill*         0x000000000000c824        0xc 
 .text.fsFsDeleteFile
                0x000000000000c830        0x8 C:/devkitPro/libnx/lib\libnx.a(fs.o)
                0x000000000000c830                fsFsDeleteFile
 *fill*         0x000000000000c838        0x8 
 .text.fsFsCreateDirectory
                0x000000000000c840        0x8 C:/devkitPro/libnx/lib\libnx.a(fs.o)
                0x000000000000c840                fsFsCreateDirectory
 *fill*         0x000000000000c848        0x8 
 .text.fsFsDeleteDirectory
                0x000000000000c850        0x8 C:/devkitPro/libnx/lib\libnx.a(fs.o)
                0x000000000000c850                fsFsDeleteDirectory
 *fill*         0x000000000000c858        0x8 
 .text.fsFsRenameFile
                0x000000000000c860        0x8 C:/devkitPro/libnx/lib\libnx.a(fs.o)
                0x000000000000c860                fsFsRenameFile
 *fill*         0x000000000000c868        0x8 
 .text.fsFsRenameDirectory
                0x000000000000c870        0x8 C:/devkitPro/libnx/lib\libnx.a(fs.o)
                0x000000000000c870                fsFsRenameDirectory
 *fill*         0x000000000000c878        0x8 
 .text.fsFsGetEntryType
                0x000000000000c880      0x1e8 C:/devkitPro/libnx/lib\libnx.a(fs.o)
                0x000000000000c880                fsFsGetEntryType
 *fill*         0x000000000000ca68        0x8 
 .text.fsFsOpenFile
                0x000000000000ca70        0x8 C:/devkitPro/libnx/lib\libnx.a(fs.o)
                0x000000000000ca70                fsFsOpenFile
 *fill*         0x000000000000ca78        0x8 
 .text.fsFsOpenDirectory
                0x000000000000ca80        0x8 C:/devkitPro/libnx/lib\libnx.a(fs.o)
                0x000000000000ca80                fsFsOpenDirectory
 *fill*         0x000000000000ca88        0x8 
 .text.fsFsGetFreeSpace
                0x000000000000ca90        0x8 C:/devkitPro/libnx/lib\libnx.a(fs.o)
                0x000000000000ca90                fsFsGetFreeSpace
 *fill*         0x000000000000ca98        0x8 
 .text.fsFsGetTotalSpace
                0x000000000000caa0        0x8 C:/devkitPro/libnx/lib\libnx.a(fs.o)
                0x000000000000caa0                fsFsGetTotalSpace
 *fill*         0x000000000000caa8        0x8 
 .text.fsFsGetFileTimeStampRaw
                0x000000000000cab0      0x228 C:/devkitPro/libnx/lib\libnx.a(fs.o)
                0x000000000000cab0                fsFsGetFileTimeStampRaw
 *fill*         0x000000000000ccd8        0x8 
 .text.fsFsClose
                0x000000000000cce0        0x4 C:/devkitPro/libnx/lib\libnx.a(fs.o)
                0x000000000000cce0                fsFsClose
 *fill*         0x000000000000cce4        0xc 
 .text.fsFileRead
                0x000000000000ccf0      0x210 C:/devkitPro/libnx/lib\libnx.a(fs.o)
                0x000000000000ccf0                fsFileRead
 .text.fsFileWrite
                0x000000000000cf00      0x1f8 C:/devkitPro/libnx/lib\libnx.a(fs.o)
                0x000000000000cf00                fsFileWrite
 *fill*         0x000000000000d0f8        0x8 
 .text.fsFileFlush
                0x000000000000d100        0x8 C:/devkitPro/libnx/lib\libnx.a(fs.o)
                0x000000000000d100                fsFileFlush
 *fill*         0x000000000000d108        0x8 
 .text.fsFileSetSize
                0x000000000000d110      0x1b8 C:/devkitPro/libnx/lib\libnx.a(fs.o)
                0x000000000000d110                fsFileSetSize
 *fill*         0x000000000000d2c8        0x8 
 .text.fsFileGetSize
                0x000000000000d2d0      0x1c0 C:/devkitPro/libnx/lib\libnx.a(fs.o)
                0x000000000000d2d0                fsFileGetSize
 .text.fsFileClose
                0x000000000000d490        0x4 C:/devkitPro/libnx/lib\libnx.a(fs.o)
                0x000000000000d490                fsFileClose
 *fill*         0x000000000000d494        0xc 
 .text.fsDirClose
                0x000000000000d4a0        0x4 C:/devkitPro/libnx/lib\libnx.a(fs.o)
                0x000000000000d4a0                fsDirClose
 *fill*         0x000000000000d4a4        0xc 
 .text.fsDirRead
                0x000000000000d4b0      0x1f8 C:/devkitPro/libnx/lib\libnx.a(fs.o)
                0x000000000000d4b0                fsDirRead
 *fill*         0x000000000000d6a8        0x8 
 .text._nvSetClientPID
                0x000000000000d6b0       0xd0 C:/devkitPro/libnx/lib\libnx.a(nv.o)
 .text._nvCleanup
                0x000000000000d780       0xc8 C:/devkitPro/libnx/lib\libnx.a(nv.o)
 *fill*         0x000000000000d848        0x8 
 .text._nvCmdInitialize.constprop.0
                0x000000000000d850       0xd8 C:/devkitPro/libnx/lib\libnx.a(nv.o)
 *fill*         0x000000000000d928        0x8 
 .text.__nx_nv_create_tmem
                0x000000000000d930       0x1c C:/devkitPro/libnx/lib\libnx.a(nv.o)
                0x000000000000d930                __nx_nv_create_tmem
 *fill*         0x000000000000d94c        0x4 
 .text.nvInitialize
                0x000000000000d950      0x2d8 C:/devkitPro/libnx/lib\libnx.a(nv.o)
                0x000000000000d950                nvInitialize
 *fill*         0x000000000000dc28        0x8 
 .text.nvExit   0x000000000000dc30       0x44 C:/devkitPro/libnx/lib\libnx.a(nv.o)
                0x000000000000dc30                nvExit
 *fill*         0x000000000000dc74        0xc 
 .text.nvConvertError
                0x000000000000dc80       0xf4 C:/devkitPro/libnx/lib\libnx.a(nv.o)
                0x000000000000dc80                nvConvertError
 *fill*         0x000000000000dd74        0xc 
 .text.nvOpen   0x000000000000dd80      0x118 C:/devkitPro/libnx/lib\libnx.a(nv.o)
                0x000000000000dd80                nvOpen
 *fill*         0x000000000000de98        0x8 
 .text.nvIoctl  0x000000000000dea0      0x2f8 C:/devkitPro/libnx/lib\libnx.a(nv.o)
                0x000000000000dea0                nvIoctl
 *fill*         0x000000000000e198        0x8 
 .text.nvClose  0x000000000000e1a0       0xd8 C:/devkitPro/libnx/lib\libnx.a(nv.o)
                0x000000000000e1a0                nvClose
 *fill*         0x000000000000e278        0x8 
 .text.nvQueryEvent
                0x000000000000e280      0x110 C:/devkitPro/libnx/lib\libnx.a(nv.o)
                0x000000000000e280                nvQueryEvent
 .text._setsysGetFirmwareVersionImpl
                0x000000000000e390       0xd4 C:/devkitPro/libnx/lib\libnx.a(set.o)
 *fill*         0x000000000000e464        0xc 
 .text._setsysCleanup
                0x000000000000e470       0x68 C:/devkitPro/libnx/lib\libnx.a(set.o)
 *fill*         0x000000000000e4d8        0x8 
 .text.setsysInitialize
                0x000000000000e4e0       0xa0 C:/devkitPro/libnx/lib\libnx.a(set.o)
                0x000000000000e4e0                setsysInitialize
 .text.setsysExit
                0x000000000000e580       0x44 C:/devkitPro/libnx/lib\libnx.a(set.o)
                0x000000000000e580                setsysExit
 *fill*         0x000000000000e5c4        0xc 
 .text.setsysGetFirmwareVersion
                0x000000000000e5d0       0x44 C:/devkitPro/libnx/lib\libnx.a(set.o)
                0x000000000000e5d0                setsysGetFirmwareVersion
 *fill*         0x000000000000e614        0xc 
 .text._timeCleanup
                0x000000000000e620      0x228 C:/devkitPro/libnx/lib\libnx.a(time.o)
 *fill*         0x000000000000e848        0x8 
 .text._timeCmdGetSession.constprop.0
                0x000000000000e850      0x100 C:/devkitPro/libnx/lib\libnx.a(time.o)
 .text._timeGetSharedMemoryNativeHandle.constprop.0
                0x000000000000e950       0xcc C:/devkitPro/libnx/lib\libnx.a(time.o)
 *fill*         0x000000000000ea1c        0x4 
 .text._timeCmdNoInOutU64.constprop.0.isra.0
                0x000000000000ea20       0xc4 C:/devkitPro/libnx/lib\libnx.a(time.o)
 *fill*         0x000000000000eae4        0xc 
 .text._timeReadClockFromSharedMem
                0x000000000000eaf0      0x104 C:/devkitPro/libnx/lib\libnx.a(time.o)
 *fill*         0x000000000000ebf4        0xc 
 .text.timeInitialize
                0x000000000000ec00      0x238 C:/devkitPro/libnx/lib\libnx.a(time.o)
                0x000000000000ec00                timeInitialize
 *fill*         0x000000000000ee38        0x8 
 .text.timeExit
                0x000000000000ee40       0x44 C:/devkitPro/libnx/lib\libnx.a(time.o)
                0x000000000000ee40                timeExit
 *fill*         0x000000000000ee84        0xc 
 .text.timeGetServiceSession_SystemClock
                0x000000000000ee90       0x38 C:/devkitPro/libnx/lib\libnx.a(time.o)
                0x000000000000ee90                timeGetServiceSession_SystemClock
 *fill*         0x000000000000eec8        0x8 
 .text.timeGetCurrentTime
                0x000000000000eed0       0x68 C:/devkitPro/libnx/lib\libnx.a(time.o)
                0x000000000000eed0                timeGetCurrentTime
 *fill*         0x000000000000ef38        0x8 
 .text.timeToCalendarTimeWithMyRule
                0x000000000000ef40      0x110 C:/devkitPro/libnx/lib\libnx.a(time.o)
                0x000000000000ef40                timeToCalendarTimeWithMyRule
 .text.timeToPosixTimeWithMyRule
                0x000000000000f050      0x104 C:/devkitPro/libnx/lib\libnx.a(time.o)
                0x000000000000f050                timeToPosixTimeWithMyRule
 *fill*         0x000000000000f154        0xc 
 .text._viCleanup
                0x000000000000f160      0x1dc C:/devkitPro/libnx/lib\libnx.a(vi.o)
 *fill*         0x000000000000f33c        0x4 
 .text._viCmdGetSessionNoParams.constprop.0
                0x000000000000f340      0x100 C:/devkitPro/libnx/lib\libnx.a(vi.o)
 .text._viCmdGetSession.constprop.0
                0x000000000000f440       0xfc C:/devkitPro/libnx/lib\libnx.a(vi.o)
 *fill*         0x000000000000f53c        0x4 
 .text.viInitialize
                0x000000000000f540      0x284 C:/devkitPro/libnx/lib\libnx.a(vi.o)
                0x000000000000f540                viInitialize
 *fill*         0x000000000000f7c4        0xc 
 .text.viExit   0x000000000000f7d0       0x44 C:/devkitPro/libnx/lib\libnx.a(vi.o)
                0x000000000000f7d0                viExit
 *fill*         0x000000000000f814        0xc 
 .text.viGetSession_IHOSBinderDriverRelay
                0x000000000000f820        0xc C:/devkitPro/libnx/lib\libnx.a(vi.o)
                0x000000000000f820                viGetSession_IHOSBinderDriverRelay
 *fill*         0x000000000000f82c        0x4 
 .text.viOpenDisplay
                0x000000000000f830      0x118 C:/devkitPro/libnx/lib\libnx.a(vi.o)
                0x000000000000f830                viOpenDisplay
 *fill*         0x000000000000f948        0x8 
 .text.viCloseDisplay
                0x000000000000f950       0xf4 C:/devkitPro/libnx/lib\libnx.a(vi.o)
                0x000000000000f950                viCloseDisplay
 *fill*         0x000000000000fa44        0xc 
 .text.viCloseLayer
                0x000000000000fa50       0xfc C:/devkitPro/libnx/lib\libnx.a(vi.o)
                0x000000000000fa50                viCloseLayer
 *fill*         0x000000000000fb4c        0x4 
 .text.viCreateLayer
                0x000000000000fb50      0x374 C:/devkitPro/libnx/lib\libnx.a(vi.o)
                0x000000000000fb50                viCreateLayer
 *fill*         0x000000000000fec4        0xc 
 .text.viSetLayerScalingMode
                0x000000000000fed0       0xd8 C:/devkitPro/libnx/lib\libnx.a(vi.o)
                0x000000000000fed0                viSetLayerScalingMode
 *fill*         0x000000000000ffa8        0x8 
 .text._nvFenceCleanup
                0x000000000000ffb0       0x7c C:/devkitPro/libnx/lib\libnx.a(fence.o)
 *fill*         0x000000000001002c        0x4 
 .text.nvFenceInit
                0x0000000000010030       0x98 C:/devkitPro/libnx/lib\libnx.a(fence.o)
                0x0000000000010030                nvFenceInit
 *fill*         0x00000000000100c8        0x8 
 .text.nvFenceExit
                0x00000000000100d0       0x44 C:/devkitPro/libnx/lib\libnx.a(fence.o)
                0x00000000000100d0                nvFenceExit
 *fill*         0x0000000000010114        0xc 
 .text.nvFenceWait
                0x0000000000010120      0x240 C:/devkitPro/libnx/lib\libnx.a(fence.o)
                0x0000000000010120                nvFenceWait
 .text.nvMultiFenceWait
                0x0000000000010360       0x74 C:/devkitPro/libnx/lib\libnx.a(fence.o)
                0x0000000000010360                nvMultiFenceWait
 *fill*         0x00000000000103d4        0xc 
 .text.nvMapInit
                0x00000000000103e0       0xb4 C:/devkitPro/libnx/lib\libnx.a(map.o)
                0x00000000000103e0                nvMapInit
 *fill*         0x0000000000010494        0xc 
 .text.nvMapExit
                0x00000000000104a0       0x6c C:/devkitPro/libnx/lib\libnx.a(map.o)
                0x00000000000104a0                nvMapExit
 *fill*         0x000000000001050c        0x4 
 .text.nvMapClose
                0x0000000000010510       0x80 C:/devkitPro/libnx/lib\libnx.a(map.o)
                0x0000000000010510                nvMapClose
 .text.nvMapCreate
                0x0000000000010590      0x154 C:/devkitPro/libnx/lib\libnx.a(map.o)
                0x0000000000010590                nvMapCreate
 *fill*         0x00000000000106e4        0xc 
 .text.nvioctlNvhostCtrl_EventSignal
                0x00000000000106f0       0x28 C:/devkitPro/libnx/lib\libnx.a(nvhost-ctrl.o)
                0x00000000000106f0                nvioctlNvhostCtrl_EventSignal
 *fill*         0x0000000000010718        0x8 
 .text.nvioctlNvhostCtrl_EventWait
                0x0000000000010720       0x44 C:/devkitPro/libnx/lib\libnx.a(nvhost-ctrl.o)
                0x0000000000010720                nvioctlNvhostCtrl_EventWait
 *fill*         0x0000000000010764        0xc 
 .text.nvioctlNvhostCtrl_EventWaitAsync
                0x0000000000010770       0x30 C:/devkitPro/libnx/lib\libnx.a(nvhost-ctrl.o)
                0x0000000000010770                nvioctlNvhostCtrl_EventWaitAsync
 .text.nvioctlNvhostCtrl_EventRegister
                0x00000000000107a0       0x28 C:/devkitPro/libnx/lib\libnx.a(nvhost-ctrl.o)
                0x00000000000107a0                nvioctlNvhostCtrl_EventRegister
 *fill*         0x00000000000107c8        0x8 
 .text.nvioctlNvhostCtrl_EventUnregister
                0x00000000000107d0       0x28 C:/devkitPro/libnx/lib\libnx.a(nvhost-ctrl.o)
                0x00000000000107d0                nvioctlNvhostCtrl_EventUnregister
 *fill*         0x00000000000107f8        0x8 
 .text.nvioctlNvmap_Create
                0x0000000000010800       0x40 C:/devkitPro/libnx/lib\libnx.a(nvmap.o)
                0x0000000000010800                nvioctlNvmap_Create
 .text.nvioctlNvmap_Alloc
                0x0000000000010840       0x38 C:/devkitPro/libnx/lib\libnx.a(nvmap.o)
                0x0000000000010840                nvioctlNvmap_Alloc
 *fill*         0x0000000000010878        0x8 
 .text.nvioctlNvmap_Free
                0x0000000000010880       0x34 C:/devkitPro/libnx/lib\libnx.a(nvmap.o)
                0x0000000000010880                nvioctlNvmap_Free
 *fill*         0x00000000000108b4        0xc 
 .text.nvioctlNvmap_GetId
                0x00000000000108c0       0x40 C:/devkitPro/libnx/lib\libnx.a(nvmap.o)
                0x00000000000108c0                nvioctlNvmap_GetId
 .text.binderCreate
                0x0000000000010900       0x1c C:/devkitPro/libnx/lib\libnx.a(binder.o)
                0x0000000000010900                binderCreate
 *fill*         0x000000000001091c        0x4 
 .text.binderTransactParcel
                0x0000000000010920      0x368 C:/devkitPro/libnx/lib\libnx.a(binder.o)
                0x0000000000010920                binderTransactParcel
 *fill*         0x0000000000010c88        0x8 
 .text.binderConvertErrorCode
                0x0000000000010c90       0xe8 C:/devkitPro/libnx/lib\libnx.a(binder.o)
                0x0000000000010c90                binderConvertErrorCode
 *fill*         0x0000000000010d78        0x8 
 .text.binderAdjustRefcount
                0x0000000000010d80      0x128 C:/devkitPro/libnx/lib\libnx.a(binder.o)
                0x0000000000010d80                binderAdjustRefcount
 *fill*         0x0000000000010ea8        0x8 
 .text.binderInitSession
                0x0000000000010eb0       0x98 C:/devkitPro/libnx/lib\libnx.a(binder.o)
                0x0000000000010eb0                binderInitSession
 *fill*         0x0000000000010f48        0x8 
 .text.binderClose
                0x0000000000010f50       0x68 C:/devkitPro/libnx/lib\libnx.a(binder.o)
                0x0000000000010f50                binderClose
 *fill*         0x0000000000010fb8        0x8 
 .text.binderGetNativeHandle
                0x0000000000010fc0      0x15c C:/devkitPro/libnx/lib\libnx.a(binder.o)
                0x0000000000010fc0                binderGetNativeHandle
 *fill*         0x000000000001111c        0x4 
 .text.bqRequestBuffer
                0x0000000000011120       0xd8 C:/devkitPro/libnx/lib\libnx.a(buffer_producer.o)
                0x0000000000011120                bqRequestBuffer
 *fill*         0x00000000000111f8        0x8 
 .text.bqDequeueBuffer
                0x0000000000011200      0x160 C:/devkitPro/libnx/lib\libnx.a(buffer_producer.o)
                0x0000000000011200                bqDequeueBuffer
 .text.bqQueueBuffer
                0x0000000000011360       0xdc C:/devkitPro/libnx/lib\libnx.a(buffer_producer.o)
                0x0000000000011360                bqQueueBuffer
 *fill*         0x000000000001143c        0x4 
 .text.bqCancelBuffer
                0x0000000000011440       0x94 C:/devkitPro/libnx/lib\libnx.a(buffer_producer.o)
                0x0000000000011440                bqCancelBuffer
 *fill*         0x00000000000114d4        0xc 
 .text.bqConnect
                0x00000000000114e0       0xe4 C:/devkitPro/libnx/lib\libnx.a(buffer_producer.o)
                0x00000000000114e0                bqConnect
 *fill*         0x00000000000115c4        0xc 
 .text.bqDisconnect
                0x00000000000115d0       0x9c C:/devkitPro/libnx/lib\libnx.a(buffer_producer.o)
                0x00000000000115d0                bqDisconnect
 *fill*         0x000000000001166c        0x4 
 .text.bqSetPreallocatedBuffer
                0x0000000000011670      0x17c C:/devkitPro/libnx/lib\libnx.a(buffer_producer.o)
                0x0000000000011670                bqSetPreallocatedBuffer
 *fill*         0x00000000000117ec        0x4 
 .text.parcelCreate
                0x00000000000117f0       0x30 C:/devkitPro/libnx/lib\libnx.a(parcel.o)
                0x00000000000117f0                parcelCreate
 .text.parcelTransact
                0x0000000000011820      0x198 C:/devkitPro/libnx/lib\libnx.a(parcel.o)
                0x0000000000011820                parcelTransact
 *fill*         0x00000000000119b8        0x8 
 .text.parcelWriteData
                0x00000000000119c0       0x88 C:/devkitPro/libnx/lib\libnx.a(parcel.o)
                0x00000000000119c0                parcelWriteData
 *fill*         0x0000000000011a48        0x8 
 .text.parcelReadData
                0x0000000000011a50       0x98 C:/devkitPro/libnx/lib\libnx.a(parcel.o)
                0x0000000000011a50                parcelReadData
 *fill*         0x0000000000011ae8        0x8 
 .text.parcelWriteInt32
                0x0000000000011af0       0x20 C:/devkitPro/libnx/lib\libnx.a(parcel.o)
                0x0000000000011af0                parcelWriteInt32
 .text.parcelWriteUInt32
                0x0000000000011b10       0x20 C:/devkitPro/libnx/lib\libnx.a(parcel.o)
                0x0000000000011b10                parcelWriteUInt32
 .text.parcelWriteString16
                0x0000000000011b30       0x7c C:/devkitPro/libnx/lib\libnx.a(parcel.o)
                0x0000000000011b30                parcelWriteString16
 *fill*         0x0000000000011bac        0x4 
 .text.parcelWriteInterfaceToken
                0x0000000000011bb0       0x30 C:/devkitPro/libnx/lib\libnx.a(parcel.o)
                0x0000000000011bb0                parcelWriteInterfaceToken
 .text.parcelReadInt32
                0x0000000000011be0       0x24 C:/devkitPro/libnx/lib\libnx.a(parcel.o)
                0x0000000000011be0                parcelReadInt32
 *fill*         0x0000000000011c04        0xc 
 .text.parcelReadFlattenedObject
                0x0000000000011c10       0x68 C:/devkitPro/libnx/lib\libnx.a(parcel.o)
                0x0000000000011c10                parcelReadFlattenedObject
 *fill*         0x0000000000011c78        0x8 
 .text.parcelWriteFlattenedObject
                0x0000000000011c80       0x4c C:/devkitPro/libnx/lib\libnx.a(parcel.o)
                0x0000000000011c80                parcelWriteFlattenedObject
 *fill*         0x0000000000011ccc        0x4 
 .text.sessionmgrCreate
                0x0000000000011cd0      0x178 C:/devkitPro/libnx/lib\libnx.a(sessionmgr.o)
                0x0000000000011cd0                sessionmgrCreate
 *fill*         0x0000000000011e48        0x8 
 .text.sessionmgrClose
                0x0000000000011e50       0x84 C:/devkitPro/libnx/lib\libnx.a(sessionmgr.o)
                0x0000000000011e50                sessionmgrClose
 *fill*         0x0000000000011ed4        0xc 
 .text.sessionmgrAttachClient
                0x0000000000011ee0       0xb4 C:/devkitPro/libnx/lib\libnx.a(sessionmgr.o)
                0x0000000000011ee0                sessionmgrAttachClient
 *fill*         0x0000000000011f94        0xc 
 .text.sessionmgrDetachClient
                0x0000000000011fa0       0x70 C:/devkitPro/libnx/lib\libnx.a(sessionmgr.o)
                0x0000000000011fa0                sessionmgrDetachClient
 *fill*         0x0000000000012010       0x10 
 .text.sin      0x0000000000012020       0x98 C:/devkitPro/devkitA64/bin/../lib/gcc/aarch64-none-elf/14.2.0/../../../../aarch64-none-elf/lib/pic\libm.a(libm_a-s_sin.o)
                0x0000000000012020                sin
 *fill*         0x00000000000120b8        0x8 
 .text.__ieee754_rem_pio2
                0x00000000000120c0      0x300 C:/devkitPro/devkitA64/bin/../lib/gcc/aarch64-none-elf/14.2.0/../../../../aarch64-none-elf/lib/pic\libm.a(libm_a-e_rem_pio2.o)
                0x00000000000120c0                __ieee754_rem_pio2
 .text.__kernel_rem_pio2
                0x00000000000123c0      0x880 C:/devkitPro/devkitA64/bin/../lib/gcc/aarch64-none-elf/14.2.0/../../../../aarch64-none-elf/lib/pic\libm.a(libm_a-k_rem_pio2.o)
                0x00000000000123c0                __kernel_rem_pio2
 .text.scalbn   0x0000000000012c40      0x10c C:/devkitPro/devkitA64/bin/../lib/gcc/aarch64-none-elf/14.2.0/../../../../aarch64-none-elf/lib/pic\libm.a(libm_a-s_scalbn.o)
                0x0000000000012c40                scalbn
 *fill*         0x0000000000012d4c       0x14 
 .text.__kernel_sin
                0x0000000000012d60       0x9c C:/devkitPro/devkitA64/bin/../lib/gcc/aarch64-none-elf/14.2.0/../../../../aarch64-none-elf/lib/pic\libm.a(libm_a-k_sin.o)
                0x0000000000012d60                __kernel_sin
 *fill*         0x0000000000012dfc        0x4 
 .text.cos      0x0000000000012e00       0x90 C:/devkitPro/devkitA64/bin/../lib/gcc/aarch64-none-elf/14.2.0/../../../../aarch64-none-elf/lib/pic\libm.a(libm_a-s_cos.o)
                0x0000000000012e00                cos
 *fill*         0x0000000000012e90       0x10 
 .text.floor    0x0000000000012ea0        0x8 C:/devkitPro/devkitA64/bin/../lib/gcc/aarch64-none-elf/14.2.0/../../../../aarch64-none-elf/lib/pic\libm.a(libm_a-s_floor.o)
                0x0000000000012ea0                floor
 *fill*         0x0000000000012ea8       0x18 
 .text.__kernel_cos
                0x0000000000012ec0      0x130 C:/devkitPro/devkitA64/bin/../lib/gcc/aarch64-none-elf/14.2.0/../../../../aarch64-none-elf/lib/pic\libm.a(libm_a-k_cos.o)
                0x0000000000012ec0                __kernel_cos
 *fill*         0x0000000000012ff0       0x10 
 .text.fabs     0x0000000000013000        0x8 C:/devkitPro/devkitA64/bin/../lib/gcc/aarch64-none-elf/14.2.0/../../../../aarch64-none-elf/lib/pic\libm.a(libm_a-s_fabs.o)
                0x0000000000013000                fabs
 *fill*         0x0000000000013008       0x18 
 .text.setenv   0x0000000000013020       0x3c C:/devkitPro/devkitA64/bin/../lib/gcc/aarch64-none-elf/14.2.0/../../../../aarch64-none-elf/lib/pic\libg.a(libc_a-setenv.o)
                0x0000000000013020                setenv
 *fill*         0x000000000001305c        0x4 
 .text.putchar  0x0000000000013060       0x28 C:/devkitPro/devkitA64/bin/../lib/gcc/aarch64-none-elf/14.2.0/../../../../aarch64-none-elf/lib/pic\libg.a(libc_a-putchar.o)
                0x0000000000013060                putchar
 *fill*         0x0000000000013088       0x18 
 .text._strtoul_l.isra.0
                0x00000000000130a0      0x1a4 C:/devkitPro/devkitA64/bin/../lib/gcc/aarch64-none-elf/14.2.0/../../../../aarch64-none-elf/lib/pic\libg.a(libc_a-strtoul.o)
 *fill*         0x0000000000013244       0x1c 
 .text._strtoul_r
                0x0000000000013260       0x44 C:/devkitPro/devkitA64/bin/../lib/gcc/aarch64-none-elf/14.2.0/../../../../aarch64-none-elf/lib/pic\libg.a(libc_a-strtoul.o)
                0x0000000000013260                _strtoul_r
 *fill*         0x00000000000132a4       0x1c 
 .text.strtoul  0x00000000000132c0       0x48 C:/devkitPro/devkitA64/bin/../lib/gcc/aarch64-none-elf/14.2.0/../../../../aarch64-none-elf/lib/pic\libg.a(libc_a-strtoul.o)
                0x00000000000132c0                strtoul
 *fill*         0x0000000000013308       0x38 
 .text          0x0000000000013340      0x130 C:/devkitPro/devkitA64/bin/../lib/gcc/aarch64-none-elf/14.2.0/../../../../aarch64-none-elf/lib/pic\libg.a(libc_a-strlen.o)
                0x0000000000013340                strlen
 *fill*         0x0000000000013470       0x10 
 .text.strncat  0x0000000000013480       0x80 C:/devkitPro/devkitA64/bin/../lib/gcc/aarch64-none-elf/14.2.0/../../../../aarch64-none-elf/lib/pic\libg.a(libc_a-strncat.o)
                0x0000000000013480                strncat
 .text.bsearch  0x0000000000013500       0xb8 C:/devkitPro/devkitA64/bin/../lib/gcc/aarch64-none-elf/14.2.0/../../../../aarch64-none-elf/lib/pic\libg.a(libc_a-bsearch.o)
                0x0000000000013500                bsearch
 *fill*         0x00000000000135b8        0x8 
 .text          0x00000000000135c0       0xdc C:/devkitPro/devkitA64/bin/../lib/gcc/aarch64-none-elf/14.2.0/../../../../aarch64-none-elf/lib/pic\libg.a(libc_a-memchr.o)
                0x00000000000135c0                memchr
 *fill*         0x000000000001369c        0x4 
 .text.aligned_alloc
                0x00000000000136a0       0x2c C:/devkitPro/devkitA64/bin/../lib/gcc/aarch64-none-elf/14.2.0/../../../../aarch64-none-elf/lib/pic\libg.a(libc_a-aligned_alloc.o)
                0x00000000000136a0                aligned_alloc
 *fill*         0x00000000000136cc       0x34 
 .text          0x0000000000013700      0x1b4 C:/devkitPro/devkitA64/bin/../lib/gcc/aarch64-none-elf/14.2.0/../../../../aarch64-none-elf/lib/pic\libg.a(libc_a-strncmp.o)
                0x0000000000013700                strncmp
 *fill*         0x00000000000138b4        0xc 
 .text          0x00000000000138c0      0x134 C:/devkitPro/devkitA64/bin/../lib/gcc/aarch64-none-elf/14.2.0/../../../../aarch64-none-elf/lib/pic\libg.a(libc_a-strcmp.o)
                0x00000000000138c0                strcmp
 *fill*         0x00000000000139f4        0xc 
 .text          0x0000000000013a00       0xb8 C:/devkitPro/devkitA64/bin/../lib/gcc/aarch64-none-elf/14.2.0/../../../../aarch64-none-elf/lib/pic\libg.a(libc_a-strnlen.o)
                0x0000000000013a00                strnlen
 *fill*         0x0000000000013ab8        0x8 
 .text.stdio_exit_handler
                0x0000000000013ac0       0x1c C:/devkitPro/devkitA64/bin/../lib/gcc/aarch64-none-elf/14.2.0/../../../../aarch64-none-elf/lib/pic\libg.a(libc_a-findfp.o)
 *fill*         0x0000000000013adc        0x4 
 .text.cleanup_stdio
                0x0000000000013ae0       0x6c C:/devkitPro/devkitA64/bin/../lib/gcc/aarch64-none-elf/14.2.0/../../../../aarch64-none-elf/lib/pic\libg.a(libc_a-findfp.o)
 *fill*         0x0000000000013b4c       0x14 
 .text.global_stdio_init.part.0
                0x0000000000013b60      0x134 C:/devkitPro/devkitA64/bin/../lib/gcc/aarch64-none-elf/14.2.0/../../../../aarch64-none-elf/lib/pic\libg.a(libc_a-findfp.o)
 *fill*         0x0000000000013c94        0xc 
 .text.__sfp_lock_acquire
                0x0000000000013ca0        0xc C:/devkitPro/devkitA64/bin/../lib/gcc/aarch64-none-elf/14.2.0/../../../../aarch64-none-elf/lib/pic\libg.a(libc_a-findfp.o)
                0x0000000000013ca0                __sfp_lock_acquire
 *fill*         0x0000000000013cac       0x14 
 .text.__sfp_lock_release
                0x0000000000013cc0        0xc C:/devkitPro/devkitA64/bin/../lib/gcc/aarch64-none-elf/14.2.0/../../../../aarch64-none-elf/lib/pic\libg.a(libc_a-findfp.o)
                0x0000000000013cc0                __sfp_lock_release
 *fill*         0x0000000000013ccc       0x14 
 .text.__sinit  0x0000000000013ce0       0x54 C:/devkitPro/devkitA64/bin/../lib/gcc/aarch64-none-elf/14.2.0/../../../../aarch64-none-elf/lib/pic\libg.a(libc_a-findfp.o)
                0x0000000000013ce0                __sinit
 *fill*         0x0000000000013d34        0xc 
 .text._malloc_r
                0x0000000000013d40      0x7e8 C:/devkitPro/devkitA64/bin/../lib/gcc/aarch64-none-elf/14.2.0/../../../../aarch64-none-elf/lib/pic\libg.a(libc_a-mallocr.o)
                0x0000000000013d40                _malloc_r
 *fill*         0x0000000000014528       0x18 
 .text._putc_r  0x0000000000014540       0xe0 C:/devkitPro/devkitA64/bin/../lib/gcc/aarch64-none-elf/14.2.0/../../../../aarch64-none-elf/lib/pic\libg.a(libc_a-putc.o)
                0x0000000000014540                _putc_r
 *fill*         0x0000000000014620       0x20 
 .text          0x0000000000014640      0x22c C:/devkitPro/devkitA64/bin/../lib/gcc/aarch64-none-elf/14.2.0/../../../../aarch64-none-elf/lib/pic\libg.a(libc_a-memcpy.o)
                0x0000000000014640                memcpy
                0x0000000000014640                memmove
 *fill*         0x000000000001486c       0x14 
 .text._malloc_trim_r
                0x0000000000014880      0x124 C:/devkitPro/devkitA64/bin/../lib/gcc/aarch64-none-elf/14.2.0/../../../../aarch64-none-elf/lib/pic\libg.a(libc_a-freer.o)
                0x0000000000014880                _malloc_trim_r
 *fill*         0x00000000000149a4       0x1c 
 .text._free_r  0x00000000000149c0      0x2d4 C:/devkitPro/devkitA64/bin/../lib/gcc/aarch64-none-elf/14.2.0/../../../../aarch64-none-elf/lib/pic\libg.a(libc_a-freer.o)
                0x00000000000149c0                _free_r
 *fill*         0x0000000000014c94        0xc 
 .text.setvbuf  0x0000000000014ca0      0x278 C:/devkitPro/devkitA64/bin/../lib/gcc/aarch64-none-elf/14.2.0/../../../../aarch64-none-elf/lib/pic\libg.a(libc_a-setvbuf.o)
                0x0000000000014ca0                setvbuf
 *fill*         0x0000000000014f18        0x8 
 .text.__errno  0x0000000000014f20       0x14 C:/devkitPro/devkitA64/bin/../lib/gcc/aarch64-none-elf/14.2.0/../../../../aarch64-none-elf/lib/pic\libg.a(libc_a-errno.o)
                0x0000000000014f20                __errno
 *fill*         0x0000000000014f34        0xc 
 .text.malloc   0x0000000000014f40       0x44 C:/devkitPro/devkitA64/bin/../lib/gcc/aarch64-none-elf/14.2.0/../../../../aarch64-none-elf/lib/pic\libg.a(libc_a-malloc.o)
                0x0000000000014f40                malloc
 *fill*         0x0000000000014f84       0x1c 
 .text.free     0x0000000000014fa0       0x24 C:/devkitPro/devkitA64/bin/../lib/gcc/aarch64-none-elf/14.2.0/../../../../aarch64-none-elf/lib/pic\libg.a(libc_a-malloc.o)
                0x0000000000014fa0                free
 *fill*         0x0000000000014fc4       0x1c 
 .text.printf   0x0000000000014fe0       0x78 C:/devkitPro/devkitA64/bin/../lib/gcc/aarch64-none-elf/14.2.0/../../../../aarch64-none-elf/lib/pic\libg.a(libc_a-printf.o)
                0x0000000000014fe0                printf
 *fill*         0x0000000000015058        0x8 
 .text.sscanf   0x0000000000015060       0xb4 C:/devkitPro/devkitA64/bin/../lib/gcc/aarch64-none-elf/14.2.0/../../../../aarch64-none-elf/lib/pic\libg.a(libc_a-sscanf.o)
                0x0000000000015060                sscanf
 *fill*         0x0000000000015114        0xc 
 .text._puts_r  0x0000000000015120       0xd0 C:/devkitPro/devkitA64/bin/../lib/gcc/aarch64-none-elf/14.2.0/../../../../aarch64-none-elf/lib/pic\libg.a(libc_a-puts.o)
                0x0000000000015120                _puts_r
 *fill*         0x00000000000151f0       0x10 
 .text.puts     0x0000000000015200       0x24 C:/devkitPro/devkitA64/bin/../lib/gcc/aarch64-none-elf/14.2.0/../../../../aarch64-none-elf/lib/pic\libg.a(libc_a-puts.o)
                0x0000000000015200                puts
 *fill*         0x0000000000015224       0x1c 
 .text.gmtime   0x0000000000015240       0x2c C:/devkitPro/devkitA64/bin/../lib/gcc/aarch64-none-elf/14.2.0/../../../../aarch64-none-elf/lib/pic\libg.a(libc_a-gmtime.o)
                0x0000000000015240                gmtime
 *fill*         0x000000000001526c       0x14 
 .text._fwalk_sglue
                0x0000000000015280       0x98 C:/devkitPro/devkitA64/bin/../lib/gcc/aarch64-none-elf/14.2.0/../../../../aarch64-none-elf/lib/pic\libg.a(libc_a-fwalk.o)
                0x0000000000015280                _fwalk_sglue
 *fill*         0x0000000000015318        0x8 
 .text.__malloc_lock
                0x0000000000015320        0xc C:/devkitPro/devkitA64/bin/../lib/gcc/aarch64-none-elf/14.2.0/../../../../aarch64-none-elf/lib/pic\libg.a(libc_a-mlock.o)
                0x0000000000015320                __malloc_lock
 *fill*         0x000000000001532c       0x14 
 .text.__malloc_unlock
                0x0000000000015340        0xc C:/devkitPro/devkitA64/bin/../lib/gcc/aarch64-none-elf/14.2.0/../../../../aarch64-none-elf/lib/pic\libg.a(libc_a-mlock.o)
                0x0000000000015340                __malloc_unlock
 *fill*         0x000000000001534c       0x34 
 .text          0x0000000000015380      0x104 C:/devkitPro/devkitA64/bin/../lib/gcc/aarch64-none-elf/14.2.0/../../../../aarch64-none-elf/lib/pic\libg.a(libc_a-memset.o)
                0x0000000000015380                memset
 *fill*         0x0000000000015484       0x1c 
 .text._setenv_r
                0x00000000000154a0      0x254 C:/devkitPro/devkitA64/bin/../lib/gcc/aarch64-none-elf/14.2.0/../../../../aarch64-none-elf/lib/pic\libg.a(libc_a-setenv_r.o)
                0x00000000000154a0                _setenv_r
 *fill*         0x00000000000156f4        0xc 
 .text.__call_exitprocs
                0x0000000000015700        0x4 C:/devkitPro/devkitA64/bin/../lib/gcc/aarch64-none-elf/14.2.0/../../../../aarch64-none-elf/lib/pic\libg.a(libc_a-exit.o)
                0x0000000000015700                __call_exitprocs
 .text.get_arg  0x0000000000015704       0x74 C:/devkitPro/devkitA64/bin/../lib/gcc/aarch64-none-elf/14.2.0/../../../../aarch64-none-elf/lib/pic\libg.a(libc_a-svfscanf.o)
 .text.__ssvfscanf_r
                0x0000000000015778     0x32d0 C:/devkitPro/devkitA64/bin/../lib/gcc/aarch64-none-elf/14.2.0/../../../../aarch64-none-elf/lib/pic\libg.a(libc_a-svfscanf.o)
                0x0000000000015778                __ssvfscanf_r
 *fill*         0x0000000000018a48       0x18 
 .text.strncpy  0x0000000000018a60       0x8c C:/devkitPro/devkitA64/bin/../lib/gcc/aarch64-none-elf/14.2.0/../../../../aarch64-none-elf/lib/pic\libg.a(libc_a-strncpy.o)
                0x0000000000018a60                strncpy
 *fill*         0x0000000000018aec       0x14 
 .text._strtoull_l.isra.0
                0x0000000000018b00      0x1a4 C:/devkitPro/devkitA64/bin/../lib/gcc/aarch64-none-elf/14.2.0/../../../../aarch64-none-elf/lib/pic\libg.a(libc_a-strtoull.o)
 *fill*         0x0000000000018ca4       0x1c 
 .text._strtoull_r
                0x0000000000018cc0       0x44 C:/devkitPro/devkitA64/bin/../lib/gcc/aarch64-none-elf/14.2.0/../../../../aarch64-none-elf/lib/pic\libg.a(libc_a-strtoull.o)
                0x0000000000018cc0                _strtoull_r
 *fill*         0x0000000000018d04       0x1c 
 .text._mbrtowc_r
                0x0000000000018d20       0xf0 C:/devkitPro/devkitA64/bin/../lib/gcc/aarch64-none-elf/14.2.0/../../../../aarch64-none-elf/lib/pic\libg.a(libc_a-mbrtowc.o)
                0x0000000000018d20                _mbrtowc_r
 *fill*         0x0000000000018e10       0x10 
 .text.__libc_init_array
                0x0000000000018e20       0x90 C:/devkitPro/devkitA64/bin/../lib/gcc/aarch64-none-elf/14.2.0/../../../../aarch64-none-elf/lib/pic\libg.a(libc_a-init.o)
                0x0000000000018e20                __libc_init_array
 *fill*         0x0000000000018eb0       0x10 
 .text.__sflush_r
                0x0000000000018ec0      0x1e8 C:/devkitPro/devkitA64/bin/../lib/gcc/aarch64-none-elf/14.2.0/../../../../aarch64-none-elf/lib/pic\libg.a(libc_a-fflush.o)
                0x0000000000018ec0                __sflush_r
 *fill*         0x00000000000190a8       0x18 
 .text._fflush_r
                0x00000000000190c0       0xb8 C:/devkitPro/devkitA64/bin/../lib/gcc/aarch64-none-elf/14.2.0/../../../../aarch64-none-elf/lib/pic\libg.a(libc_a-fflush.o)
                0x00000000000190c0                _fflush_r
 *fill*         0x0000000000019178        0x8 
 .text.nanf     0x0000000000019180        0xc C:/devkitPro/devkitA64/bin/../lib/gcc/aarch64-none-elf/14.2.0/../../../../aarch64-none-elf/lib/pic\libg.a(libm_a-sf_nan.o)
                0x0000000000019180                nanf
 *fill*         0x000000000001918c       0x14 
 .text.__env_lock
                0x00000000000191a0        0xc C:/devkitPro/devkitA64/bin/../lib/gcc/aarch64-none-elf/14.2.0/../../../../aarch64-none-elf/lib/pic\libg.a(libc_a-envlock.o)
                0x00000000000191a0                __env_lock
 *fill*         0x00000000000191ac       0x14 
 .text.__env_unlock
                0x00000000000191c0        0xc C:/devkitPro/devkitA64/bin/../lib/gcc/aarch64-none-elf/14.2.0/../../../../aarch64-none-elf/lib/pic\libg.a(libc_a-envlock.o)
                0x00000000000191c0                __env_unlock
 *fill*         0x00000000000191cc       0x14 
 .text.__sfvwrite_r
                0x00000000000191e0      0x494 C:/devkitPro/devkitA64/bin/../lib/gcc/aarch64-none-elf/14.2.0/../../../../aarch64-none-elf/lib/pic\libg.a(libc_a-fvwrite.o)
                0x00000000000191e0                __sfvwrite_r
 *fill*         0x0000000000019674        0xc 
 .text._strtoll_l.isra.0
                0x0000000000019680      0x2e8 C:/devkitPro/devkitA64/bin/../lib/gcc/aarch64-none-elf/14.2.0/../../../../aarch64-none-elf/lib/pic\libg.a(libc_a-strtoll.o)
 *fill*         0x0000000000019968       0x18 
 .text._strtoll_r
                0x0000000000019980       0x44 C:/devkitPro/devkitA64/bin/../lib/gcc/aarch64-none-elf/14.2.0/../../../../aarch64-none-elf/lib/pic\libg.a(libc_a-strtoll.o)
                0x0000000000019980                _strtoll_r
 *fill*         0x00000000000199c4       0x1c 
 .text.__locale_mb_cur_max
                0x00000000000199e0       0x2c C:/devkitPro/devkitA64/bin/../lib/gcc/aarch64-none-elf/14.2.0/../../../../aarch64-none-elf/lib/pic\libg.a(libc_a-locale.o)
                0x00000000000199e0                __locale_mb_cur_max
 *fill*         0x0000000000019a0c       0x14 
 .text.sulp     0x0000000000019a20       0x54 C:/devkitPro/devkitA64/bin/../lib/gcc/aarch64-none-elf/14.2.0/../../../../aarch64-none-elf/lib/pic\libg.a(libc_a-strtod.o)
 *fill*         0x0000000000019a74        0xc 
 .text._strtod_l
                0x0000000000019a80     0x1210 C:/devkitPro/devkitA64/bin/../lib/gcc/aarch64-none-elf/14.2.0/../../../../aarch64-none-elf/lib/pic\libg.a(libc_a-strtod.o)
                0x0000000000019a80                _strtod_l
 *fill*         0x000000000001ac90       0x10 
 .text._strtod_r
                0x000000000001aca0       0x50 C:/devkitPro/devkitA64/bin/../lib/gcc/aarch64-none-elf/14.2.0/../../../../aarch64-none-elf/lib/pic\libg.a(libc_a-strtod.o)
                0x000000000001aca0                _strtod_r
 *fill*         0x000000000001acf0       0x10 
 .text.gmtime_r
                0x000000000001ad00      0x2a0 C:/devkitPro/devkitA64/bin/../lib/gcc/aarch64-none-elf/14.2.0/../../../../aarch64-none-elf/lib/pic\libg.a(libc_a-gmtime_r.o)
                0x000000000001ad00                gmtime_r
 .text.sprintf  0x000000000001afa0       0xa0 C:/devkitPro/devkitA64/bin/../lib/gcc/aarch64-none-elf/14.2.0/../../../../aarch64-none-elf/lib/pic\libg.a(libc_a-sprintf.o)
                0x000000000001afa0                sprintf
 .text._memalign_r
                0x000000000001b040      0x17c C:/devkitPro/devkitA64/bin/../lib/gcc/aarch64-none-elf/14.2.0/../../../../aarch64-none-elf/lib/pic\libg.a(libc_a-malignr.o)
                0x000000000001b040                _memalign_r
 *fill*         0x000000000001b1bc        0x4 
 .text.__swbuf_r
                0x000000000001b1c0      0x118 C:/devkitPro/devkitA64/bin/../lib/gcc/aarch64-none-elf/14.2.0/../../../../aarch64-none-elf/lib/pic\libg.a(libc_a-wbuf.o)
                0x000000000001b1c0                __swbuf_r
 .text._sungetc_r
                0x000000000001b2d8       0xf0 C:/devkitPro/devkitA64/bin/../lib/gcc/aarch64-none-elf/14.2.0/../../../../aarch64-none-elf/lib/pic\libg.a(libc_a-svfiscanf.o)
                0x000000000001b2d8                _sungetc_r
 .text.__ssrefill_r
                0x000000000001b3c8       0x70 C:/devkitPro/devkitA64/bin/../lib/gcc/aarch64-none-elf/14.2.0/../../../../aarch64-none-elf/lib/pic\libg.a(libc_a-svfiscanf.o)
                0x000000000001b3c8                __ssrefill_r
 .text._sfread_r
                0x000000000001b438       0xe0 C:/devkitPro/devkitA64/bin/../lib/gcc/aarch64-none-elf/14.2.0/../../../../aarch64-none-elf/lib/pic\libg.a(libc_a-svfiscanf.o)
                0x000000000001b438                _sfread_r
 *fill*         0x000000000001b518        0x8 
 .text.rshift   0x000000000001b520      0x11c C:/devkitPro/devkitA64/bin/../lib/gcc/aarch64-none-elf/14.2.0/../../../../aarch64-none-elf/lib/pic\libg.a(libc_a-gdtoa-gethex.o)
 *fill*         0x000000000001b63c        0x4 
 .text.__gethex
                0x000000000001b640      0x8c4 C:/devkitPro/devkitA64/bin/../lib/gcc/aarch64-none-elf/14.2.0/../../../../aarch64-none-elf/lib/pic\libg.a(libc_a-gdtoa-gethex.o)
                0x000000000001b640                __gethex
 *fill*         0x000000000001bf04       0x1c 
 .text.__utf8_mbtowc
                0x000000000001bf20      0x2dc C:/devkitPro/devkitA64/bin/../lib/gcc/aarch64-none-elf/14.2.0/../../../../aarch64-none-elf/lib/pic\libg.a(libc_a-mbtowc_r.o)
                0x000000000001bf20                __utf8_mbtowc
 *fill*         0x000000000001c1fc        0x4 
 .text.__libc_fini_array
                0x000000000001c200       0x44 C:/devkitPro/devkitA64/bin/../lib/gcc/aarch64-none-elf/14.2.0/../../../../aarch64-none-elf/lib/pic\libg.a(libc_a-fini.o)
                0x000000000001c200                __libc_fini_array
 *fill*         0x000000000001c244       0x3c 
 .text          0x000000000001c280       0xcc C:/devkitPro/devkitA64/bin/../lib/gcc/aarch64-none-elf/14.2.0/../../../../aarch64-none-elf/lib/pic\libg.a(libc_a-strchr.o)
                0x000000000001c280                strchr
 *fill*         0x000000000001c34c       0x14 
 .text.__sread  0x000000000001c360       0x4c C:/devkitPro/devkitA64/bin/../lib/gcc/aarch64-none-elf/14.2.0/../../../../aarch64-none-elf/lib/pic\libg.a(libc_a-stdio.o)
                0x000000000001c360                __sread
 *fill*         0x000000000001c3ac       0x14 
 .text.__seofread
                0x000000000001c3c0        0x8 C:/devkitPro/devkitA64/bin/../lib/gcc/aarch64-none-elf/14.2.0/../../../../aarch64-none-elf/lib/pic\libg.a(libc_a-stdio.o)
                0x000000000001c3c0                __seofread
 *fill*         0x000000000001c3c8       0x18 
 .text.__swrite
                0x000000000001c3e0       0x68 C:/devkitPro/devkitA64/bin/../lib/gcc/aarch64-none-elf/14.2.0/../../../../aarch64-none-elf/lib/pic\libg.a(libc_a-stdio.o)
                0x000000000001c3e0                __swrite
 *fill*         0x000000000001c448       0x18 
 .text.__sseek  0x000000000001c460       0x50 C:/devkitPro/devkitA64/bin/../lib/gcc/aarch64-none-elf/14.2.0/../../../../aarch64-none-elf/lib/pic\libg.a(libc_a-stdio.o)
                0x000000000001c460                __sseek
 *fill*         0x000000000001c4b0       0x10 
 .text.__sclose
                0x000000000001c4c0        0x8 C:/devkitPro/devkitA64/bin/../lib/gcc/aarch64-none-elf/14.2.0/../../../../aarch64-none-elf/lib/pic\libg.a(libc_a-stdio.o)
                0x000000000001c4c0                __sclose
 *fill*         0x000000000001c4c8       0x18 
 .text.iswspace
                0x000000000001c4e0        0x8 C:/devkitPro/devkitA64/bin/../lib/gcc/aarch64-none-elf/14.2.0/../../../../aarch64-none-elf/lib/pic\libg.a(libc_a-iswspace.o)
                0x000000000001c4e0                iswspace
 *fill*         0x000000000001c4e8       0x18 
 .text.__sccl   0x000000000001c500       0xd4 C:/devkitPro/devkitA64/bin/../lib/gcc/aarch64-none-elf/14.2.0/../../../../aarch64-none-elf/lib/pic\libg.a(libc_a-sccl.o)
                0x000000000001c500                __sccl
 *fill*         0x000000000001c5d4        0xc 
 .text._fclose_r
                0x000000000001c5e0      0x134 C:/devkitPro/devkitA64/bin/../lib/gcc/aarch64-none-elf/14.2.0/../../../../aarch64-none-elf/lib/pic\libg.a(libc_a-fclose.o)
                0x000000000001c5e0                _fclose_r
 *fill*         0x000000000001c714        0xc 
 .text.__localeconv_l
                0x000000000001c720        0x8 C:/devkitPro/devkitA64/bin/../lib/gcc/aarch64-none-elf/14.2.0/../../../../aarch64-none-elf/lib/pic\libg.a(libc_a-localeconv.o)
                0x000000000001c720                __localeconv_l
 *fill*         0x000000000001c728       0x18 
 .text._localeconv_r
                0x000000000001c740       0x28 C:/devkitPro/devkitA64/bin/../lib/gcc/aarch64-none-elf/14.2.0/../../../../aarch64-none-elf/lib/pic\libg.a(libc_a-localeconv.o)
                0x000000000001c740                _localeconv_r
 .text.get_arg  0x000000000001c768      0x790 C:/devkitPro/devkitA64/bin/../lib/gcc/aarch64-none-elf/14.2.0/../../../../aarch64-none-elf/lib/pic\libg.a(libc_a-vfprintf.o)
 .text._vfprintf_r
                0x000000000001cef8     0x3c10 C:/devkitPro/devkitA64/bin/../lib/gcc/aarch64-none-elf/14.2.0/../../../../aarch64-none-elf/lib/pic\libg.a(libc_a-vfprintf.o)